Archive member included to satisfy reference by file (symbol)

../libopencm3/lib/libopencm3_stm32f1.a(gpio.o)
                              miniblink.o (gpio_set_mode)
../libopencm3/lib/libopencm3_stm32f1.a(gpio_common_all.o)
                              miniblink.o (gpio_toggle)
../libopencm3/lib/libopencm3_stm32f1.a(rcc_common_all.o)
                              miniblink.o (rcc_periph_clock_enable)
../libopencm3/lib/libopencm3_stm32f1.a(vector.o)
                              (reset_handler)

Discarded input sections

 .text          0x00000000        0x0 miniblink.o
 .data          0x00000000        0x0 miniblink.o
 .bss           0x00000000        0x0 miniblink.o
 .group         0x00000000        0x8 ../libopencm3/lib/libopencm3_stm32f1.a(gpio.o)
 .group         0x00000000        0x8 ../libopencm3/lib/libopencm3_stm32f1.a(gpio.o)
 .group         0x00000000        0x8 ../libopencm3/lib/libopencm3_stm32f1.a(gpio.o)
 .group         0x00000000        0x8 ../libopencm3/lib/libopencm3_stm32f1.a(gpio.o)
 .group         0x00000000        0x8 ../libopencm3/lib/libopencm3_stm32f1.a(gpio.o)
 .group         0x00000000        0x8 ../libopencm3/lib/libopencm3_stm32f1.a(gpio.o)
 .group         0x00000000        0x8 ../libopencm3/lib/libopencm3_stm32f1.a(gpio.o)
 .group         0x00000000        0x8 ../libopencm3/lib/libopencm3_stm32f1.a(gpio.o)
 .group         0x00000000        0x8 ../libopencm3/lib/libopencm3_stm32f1.a(gpio.o)
 .group         0x00000000        0x8 ../libopencm3/lib/libopencm3_stm32f1.a(gpio.o)
 .group         0x00000000        0x8 ../libopencm3/lib/libopencm3_stm32f1.a(gpio.o)
 .group         0x00000000        0x8 ../libopencm3/lib/libopencm3_stm32f1.a(gpio.o)
 .group         0x00000000        0x8 ../libopencm3/lib/libopencm3_stm32f1.a(gpio.o)
 .text          0x00000000        0x0 ../libopencm3/lib/libopencm3_stm32f1.a(gpio.o)
 .data          0x00000000        0x0 ../libopencm3/lib/libopencm3_stm32f1.a(gpio.o)
 .bss           0x00000000        0x0 ../libopencm3/lib/libopencm3_stm32f1.a(gpio.o)
 .text.gpio_set_eventout
                0x00000000       0x10 ../libopencm3/lib/libopencm3_stm32f1.a(gpio.o)
 .text.gpio_primary_remap
                0x00000000       0x14 ../libopencm3/lib/libopencm3_stm32f1.a(gpio.o)
 .text.gpio_secondary_remap
                0x00000000       0x10 ../libopencm3/lib/libopencm3_stm32f1.a(gpio.o)
 .group         0x00000000        0x8 ../libopencm3/lib/libopencm3_stm32f1.a(gpio_common_all.o)
 .group         0x00000000        0x8 ../libopencm3/lib/libopencm3_stm32f1.a(gpio_common_all.o)
 .group         0x00000000        0x8 ../libopencm3/lib/libopencm3_stm32f1.a(gpio_common_all.o)
 .group         0x00000000        0x8 ../libopencm3/lib/libopencm3_stm32f1.a(gpio_common_all.o)
 .group         0x00000000        0x8 ../libopencm3/lib/libopencm3_stm32f1.a(gpio_common_all.o)
 .group         0x00000000        0x8 ../libopencm3/lib/libopencm3_stm32f1.a(gpio_common_all.o)
 .group         0x00000000        0x8 ../libopencm3/lib/libopencm3_stm32f1.a(gpio_common_all.o)
 .group         0x00000000        0x8 ../libopencm3/lib/libopencm3_stm32f1.a(gpio_common_all.o)
 .group         0x00000000        0x8 ../libopencm3/lib/libopencm3_stm32f1.a(gpio_common_all.o)
 .group         0x00000000        0x8 ../libopencm3/lib/libopencm3_stm32f1.a(gpio_common_all.o)
 .group         0x00000000        0x8 ../libopencm3/lib/libopencm3_stm32f1.a(gpio_common_all.o)
 .group         0x00000000        0x8 ../libopencm3/lib/libopencm3_stm32f1.a(gpio_common_all.o)
 .group         0x00000000        0x8 ../libopencm3/lib/libopencm3_stm32f1.a(gpio_common_all.o)
 .text          0x00000000        0x0 ../libopencm3/lib/libopencm3_stm32f1.a(gpio_common_all.o)
 .data          0x00000000        0x0 ../libopencm3/lib/libopencm3_stm32f1.a(gpio_common_all.o)
 .bss           0x00000000        0x0 ../libopencm3/lib/libopencm3_stm32f1.a(gpio_common_all.o)
 .text.gpio_set
                0x00000000        0x4 ../libopencm3/lib/libopencm3_stm32f1.a(gpio_common_all.o)
 .text.gpio_clear
                0x00000000        0x6 ../libopencm3/lib/libopencm3_stm32f1.a(gpio_common_all.o)
 .text.gpio_get
                0x00000000        0x6 ../libopencm3/lib/libopencm3_stm32f1.a(gpio_common_all.o)
 .text.gpio_port_read
                0x00000000        0x6 ../libopencm3/lib/libopencm3_stm32f1.a(gpio_common_all.o)
 .text.gpio_port_write
                0x00000000        0x4 ../libopencm3/lib/libopencm3_stm32f1.a(gpio_common_all.o)
 .text.gpio_port_config_lock
                0x00000000       0x10 ../libopencm3/lib/libopencm3_stm32f1.a(gpio_common_all.o)
 .debug_macro   0x00000000      0x874 ../libopencm3/lib/libopencm3_stm32f1.a(gpio_common_all.o)
 .debug_macro   0x00000000       0x22 ../libopencm3/lib/libopencm3_stm32f1.a(gpio_common_all.o)
 .debug_macro   0x00000000       0x87 ../libopencm3/lib/libopencm3_stm32f1.a(gpio_common_all.o)
 .debug_macro   0x00000000       0x44 ../libopencm3/lib/libopencm3_stm32f1.a(gpio_common_all.o)
 .debug_macro   0x00000000       0xfd ../libopencm3/lib/libopencm3_stm32f1.a(gpio_common_all.o)
 .debug_macro   0x00000000       0x5e ../libopencm3/lib/libopencm3_stm32f1.a(gpio_common_all.o)
 .debug_macro   0x00000000      0x1df ../libopencm3/lib/libopencm3_stm32f1.a(gpio_common_all.o)
 .debug_macro   0x00000000       0x22 ../libopencm3/lib/libopencm3_stm32f1.a(gpio_common_all.o)
 .debug_macro   0x00000000       0xfa ../libopencm3/lib/libopencm3_stm32f1.a(gpio_common_all.o)
 .debug_macro   0x00000000       0x58 ../libopencm3/lib/libopencm3_stm32f1.a(gpio_common_all.o)
 .debug_macro   0x00000000      0x1b4 ../libopencm3/lib/libopencm3_stm32f1.a(gpio_common_all.o)
 .debug_macro   0x00000000       0x76 ../libopencm3/lib/libopencm3_stm32f1.a(gpio_common_all.o)
 .debug_macro   0x00000000      0xdfd ../libopencm3/lib/libopencm3_stm32f1.a(gpio_common_all.o)
 .group         0x00000000        0x8 ../libopencm3/lib/libopencm3_stm32f1.a(rcc_common_all.o)
 .group         0x00000000        0x8 ../libopencm3/lib/libopencm3_stm32f1.a(rcc_common_all.o)
 .group         0x00000000        0x8 ../libopencm3/lib/libopencm3_stm32f1.a(rcc_common_all.o)
 .group         0x00000000        0x8 ../libopencm3/lib/libopencm3_stm32f1.a(rcc_common_all.o)
 .group         0x00000000        0x8 ../libopencm3/lib/libopencm3_stm32f1.a(rcc_common_all.o)
 .group         0x00000000        0x8 ../libopencm3/lib/libopencm3_stm32f1.a(rcc_common_all.o)
 .group         0x00000000        0x8 ../libopencm3/lib/libopencm3_stm32f1.a(rcc_common_all.o)
 .group         0x00000000        0x8 ../libopencm3/lib/libopencm3_stm32f1.a(rcc_common_all.o)
 .group         0x00000000        0x8 ../libopencm3/lib/libopencm3_stm32f1.a(rcc_common_all.o)
 .group         0x00000000        0x8 ../libopencm3/lib/libopencm3_stm32f1.a(rcc_common_all.o)
 .group         0x00000000        0x8 ../libopencm3/lib/libopencm3_stm32f1.a(rcc_common_all.o)
 .group         0x00000000        0x8 ../libopencm3/lib/libopencm3_stm32f1.a(rcc_common_all.o)
 .text          0x00000000        0x0 ../libopencm3/lib/libopencm3_stm32f1.a(rcc_common_all.o)
 .data          0x00000000        0x0 ../libopencm3/lib/libopencm3_stm32f1.a(rcc_common_all.o)
 .bss           0x00000000        0x0 ../libopencm3/lib/libopencm3_stm32f1.a(rcc_common_all.o)
 .text.rcc_peripheral_enable_clock
                0x00000000        0x8 ../libopencm3/lib/libopencm3_stm32f1.a(rcc_common_all.o)
 .text.rcc_peripheral_disable_clock
                0x00000000        0xa ../libopencm3/lib/libopencm3_stm32f1.a(rcc_common_all.o)
 .text.rcc_peripheral_reset
                0x00000000        0x8 ../libopencm3/lib/libopencm3_stm32f1.a(rcc_common_all.o)
 .text.rcc_peripheral_clear_reset
                0x00000000        0xa ../libopencm3/lib/libopencm3_stm32f1.a(rcc_common_all.o)
 .text.rcc_periph_clock_disable
                0x00000000       0x1e ../libopencm3/lib/libopencm3_stm32f1.a(rcc_common_all.o)
 .text.rcc_periph_reset_pulse
                0x00000000       0x26 ../libopencm3/lib/libopencm3_stm32f1.a(rcc_common_all.o)
 .text.rcc_periph_reset_hold
                0x00000000       0x1c ../libopencm3/lib/libopencm3_stm32f1.a(rcc_common_all.o)
 .text.rcc_periph_reset_release
                0x00000000       0x1e ../libopencm3/lib/libopencm3_stm32f1.a(rcc_common_all.o)
 .text.rcc_set_mco
                0x00000000       0x14 ../libopencm3/lib/libopencm3_stm32f1.a(rcc_common_all.o)
 .debug_macro   0x00000000      0x874 ../libopencm3/lib/libopencm3_stm32f1.a(rcc_common_all.o)
 .debug_macro   0x00000000       0x22 ../libopencm3/lib/libopencm3_stm32f1.a(rcc_common_all.o)
 .debug_macro   0x00000000       0x87 ../libopencm3/lib/libopencm3_stm32f1.a(rcc_common_all.o)
 .debug_macro   0x00000000       0x44 ../libopencm3/lib/libopencm3_stm32f1.a(rcc_common_all.o)
 .debug_macro   0x00000000       0xfd ../libopencm3/lib/libopencm3_stm32f1.a(rcc_common_all.o)
 .debug_macro   0x00000000       0x5e ../libopencm3/lib/libopencm3_stm32f1.a(rcc_common_all.o)
 .debug_macro   0x00000000      0x1df ../libopencm3/lib/libopencm3_stm32f1.a(rcc_common_all.o)
 .debug_macro   0x00000000       0x22 ../libopencm3/lib/libopencm3_stm32f1.a(rcc_common_all.o)
 .debug_macro   0x00000000       0xfa ../libopencm3/lib/libopencm3_stm32f1.a(rcc_common_all.o)
 .debug_macro   0x00000000       0x58 ../libopencm3/lib/libopencm3_stm32f1.a(rcc_common_all.o)
 .debug_macro   0x00000000      0x1b4 ../libopencm3/lib/libopencm3_stm32f1.a(rcc_common_all.o)
 .group         0x00000000        0x8 ../libopencm3/lib/libopencm3_stm32f1.a(vector.o)
 .group         0x00000000        0x8 ../libopencm3/lib/libopencm3_stm32f1.a(vector.o)
 .group         0x00000000        0x8 ../libopencm3/lib/libopencm3_stm32f1.a(vector.o)
 .group         0x00000000        0x8 ../libopencm3/lib/libopencm3_stm32f1.a(vector.o)
 .group         0x00000000        0x8 ../libopencm3/lib/libopencm3_stm32f1.a(vector.o)
 .group         0x00000000        0x8 ../libopencm3/lib/libopencm3_stm32f1.a(vector.o)
 .group         0x00000000        0x8 ../libopencm3/lib/libopencm3_stm32f1.a(vector.o)
 .group         0x00000000        0x8 ../libopencm3/lib/libopencm3_stm32f1.a(vector.o)
 .group         0x00000000        0x8 ../libopencm3/lib/libopencm3_stm32f1.a(vector.o)
 .group         0x00000000        0x8 ../libopencm3/lib/libopencm3_stm32f1.a(vector.o)
 .group         0x00000000        0x8 ../libopencm3/lib/libopencm3_stm32f1.a(vector.o)
 .group         0x00000000        0x8 ../libopencm3/lib/libopencm3_stm32f1.a(vector.o)
 .group         0x00000000        0x8 ../libopencm3/lib/libopencm3_stm32f1.a(vector.o)
 .text          0x00000000        0x0 ../libopencm3/lib/libopencm3_stm32f1.a(vector.o)
 .data          0x00000000        0x0 ../libopencm3/lib/libopencm3_stm32f1.a(vector.o)
 .bss           0x00000000        0x0 ../libopencm3/lib/libopencm3_stm32f1.a(vector.o)
 .debug_macro   0x00000000      0x874 ../libopencm3/lib/libopencm3_stm32f1.a(vector.o)
 .debug_macro   0x00000000       0x58 ../libopencm3/lib/libopencm3_stm32f1.a(vector.o)
 .debug_macro   0x00000000       0x22 ../libopencm3/lib/libopencm3_stm32f1.a(vector.o)
 .debug_macro   0x00000000       0x87 ../libopencm3/lib/libopencm3_stm32f1.a(vector.o)
 .debug_macro   0x00000000       0x44 ../libopencm3/lib/libopencm3_stm32f1.a(vector.o)
 .debug_macro   0x00000000       0xfd ../libopencm3/lib/libopencm3_stm32f1.a(vector.o)
 .debug_macro   0x00000000       0x5e ../libopencm3/lib/libopencm3_stm32f1.a(vector.o)
 .debug_macro   0x00000000      0x1df ../libopencm3/lib/libopencm3_stm32f1.a(vector.o)
 .debug_macro   0x00000000       0x22 ../libopencm3/lib/libopencm3_stm32f1.a(vector.o)
 .debug_macro   0x00000000       0xfa ../libopencm3/lib/libopencm3_stm32f1.a(vector.o)

Memory Configuration

Name             Origin             Length             Attributes
rom              0x08000000         0x00010000         xr
ram              0x20000000         0x00005000         xrw
*default*        0x00000000         0xffffffff

Linker script and memory map

LOAD miniblink.o
LOAD ../libopencm3/lib/libopencm3_stm32f1.a
START GROUP
LOAD /usr/local/gcc-arm-none-eabi-5_4-2016q3/bin/../lib/gcc/arm-none-eabi/5.4.1/../../../../arm-none-eabi/lib/armv7-m/libc.a
LOAD /usr/local/gcc-arm-none-eabi-5_4-2016q3/bin/../lib/gcc/arm-none-eabi/5.4.1/armv7-m/libgcc.a
LOAD /usr/local/gcc-arm-none-eabi-5_4-2016q3/bin/../lib/gcc/arm-none-eabi/5.4.1/../../../../arm-none-eabi/lib/armv7-m/libnosys.a
END GROUP
START GROUP
LOAD /usr/local/gcc-arm-none-eabi-5_4-2016q3/bin/../lib/gcc/arm-none-eabi/5.4.1/armv7-m/libgcc.a
LOAD /usr/local/gcc-arm-none-eabi-5_4-2016q3/bin/../lib/gcc/arm-none-eabi/5.4.1/../../../../arm-none-eabi/lib/armv7-m/libc.a
END GROUP

.text           0x08000000      0x2ac
 *(.vectors)
 .vectors       0x08000000      0x150 ../libopencm3/lib/libopencm3_stm32f1.a(vector.o)
                0x08000000                vector_table
 *(.text*)
 .text.startup.main
                0x08000150       0x34 miniblink.o
                0x08000150                main
 .text.gpio_set_mode
                0x08000184       0x64 ../libopencm3/lib/libopencm3_stm32f1.a(gpio.o)
                0x08000184                gpio_set_mode
 .text.gpio_toggle
                0x080001e8       0x12 ../libopencm3/lib/libopencm3_stm32f1.a(gpio_common_all.o)
                0x080001e8                gpio_toggle
 .text.rcc_periph_clock_enable
                0x080001fa       0x1c ../libopencm3/lib/libopencm3_stm32f1.a(rcc_common_all.o)
                0x080001fa                rcc_periph_clock_enable
 .text.blocking_handler
                0x08000216        0x2 ../libopencm3/lib/libopencm3_stm32f1.a(vector.o)
                0x08000216                usart3_isr
                0x08000216                rtc_isr
                0x08000216                tim7_isr
                0x08000216                adc1_2_isr
                0x08000216                tim1_trg_com_isr
                0x08000216                usb_hp_can_tx_isr
                0x08000216                tim6_isr
                0x08000216                usb_wakeup_isr
                0x08000216                blocking_handler
                0x08000216                tim5_isr
                0x08000216                otg_fs_isr
                0x08000216                spi1_isr
                0x08000216                exti2_isr
                0x08000216                dma1_channel6_isr
                0x08000216                can_rx1_isr
                0x08000216                dma1_channel5_isr
                0x08000216                dma2_channel5_isr
                0x08000216                usart1_isr
                0x08000216                usage_fault_handler
                0x08000216                tim8_trg_com_isr
                0x08000216                can2_rx0_isr
                0x08000216                tim1_brk_isr
                0x08000216                can2_rx1_isr
                0x08000216                tim1_cc_isr
                0x08000216                sdio_isr
                0x08000216                eth_isr
                0x08000216                dma1_channel4_isr
                0x08000216                tim8_brk_isr
                0x08000216                dma2_channel4_5_isr
                0x08000216                pvd_isr
                0x08000216                rcc_isr
                0x08000216                flash_isr
                0x08000216                uart4_isr
                0x08000216                rtc_alarm_isr
                0x08000216                exti15_10_isr
                0x08000216                hard_fault_handler
                0x08000216                exti1_isr
                0x08000216                i2c1_ev_isr
                0x08000216                dma2_channel1_isr
                0x08000216                spi2_isr
                0x08000216                tim8_up_isr
                0x08000216                dma2_channel2_isr
                0x08000216                exti3_isr
                0x08000216                adc3_isr
                0x08000216                tim3_isr
                0x08000216                usart2_isr
                0x08000216                usb_lp_can_rx0_isr
                0x08000216                i2c2_er_isr
                0x08000216                i2c2_ev_isr
                0x08000216                uart5_isr
                0x08000216                fsmc_isr
                0x08000216                dma1_channel1_isr
                0x08000216                exti4_isr
                0x08000216                mem_manage_handler
                0x08000216                can2_tx_isr
                0x08000216                exti9_5_isr
                0x08000216                dma2_channel3_isr
                0x08000216                dma1_channel7_isr
                0x08000216                tim1_up_isr
                0x08000216                can2_sce_isr
                0x08000216                tim4_isr
                0x08000216                dma1_channel2_isr
                0x08000216                i2c1_er_isr
                0x08000216                can_sce_isr
                0x08000216                tim8_cc_isr
                0x08000216                tamper_isr
                0x08000216                eth_wkup_isr
                0x08000216                bus_fault_handler
                0x08000216                wwdg_isr
                0x08000216                dma1_channel3_isr
                0x08000216                spi3_isr
                0x08000216                tim2_isr
                0x08000216                exti0_isr
 .text.null_handler
                0x08000218        0x2 ../libopencm3/lib/libopencm3_stm32f1.a(vector.o)
                0x08000218                null_handler
                0x08000218                sv_call_handler
                0x08000218                pend_sv_handler
                0x08000218                debug_monitor_handler
                0x08000218                sys_tick_handler
                0x08000218                nmi_handler
 *fill*         0x0800021a        0x2 
 .text.reset_handler
                0x0800021c       0x90 ../libopencm3/lib/libopencm3_stm32f1.a(vector.o)
                0x0800021c                reset_handler
                0x080002ac                . = ALIGN (0x4)
 *(.rodata*)
                0x080002ac                . = ALIGN (0x4)

.glue_7         0x080002ac        0x0
 .glue_7        0x080002ac        0x0 linker stubs

.glue_7t        0x080002ac        0x0
 .glue_7t       0x080002ac        0x0 linker stubs

.vfp11_veneer   0x080002ac        0x0
 .vfp11_veneer  0x080002ac        0x0 linker stubs

.v4_bx          0x080002ac        0x0
 .v4_bx         0x080002ac        0x0 linker stubs

.iplt           0x080002ac        0x0
 .iplt          0x080002ac        0x0 miniblink.o

.rel.dyn        0x080002ac        0x0
 .rel.iplt      0x080002ac        0x0 miniblink.o

.preinit_array  0x080002ac        0x0
                0x080002ac                . = ALIGN (0x4)
                0x080002ac                __preinit_array_start = .
 *(.preinit_array)
                0x080002ac                __preinit_array_end = .

.init_array     0x080002ac        0x0
                0x080002ac                . = ALIGN (0x4)
                0x080002ac                __init_array_start = .
 *(SORT(.init_array.*))
 *(.init_array)
                0x080002ac                __init_array_end = .

.fini_array     0x080002ac        0x0
                0x080002ac                . = ALIGN (0x4)
                0x080002ac                __fini_array_start = .
 *(.fini_array)
 *(SORT(.fini_array.*))
                0x080002ac                __fini_array_end = .

.ARM.extab
 *(.ARM.extab*)

.ARM.exidx      0x080002ac        0x0
                0x080002ac                __exidx_start = .
 *(.ARM.exidx*)
                0x080002ac                __exidx_end = .
                0x080002ac                . = ALIGN (0x4)
                0x080002ac                _etext = .

.data           0x20000000        0x0 load address 0x080002ac
                0x20000000                _data = .
 *(.data*)
                0x20000000                . = ALIGN (0x4)
                0x20000000                _edata = .
                0x080002ac                _data_loadaddr = LOADADDR (.data)

.igot.plt       0x20000000        0x0 load address 0x080002ac
 .igot.plt      0x20000000        0x0 miniblink.o

.bss            0x20000000        0x0 load address 0x080002ac
 *(.bss*)
 *(COMMON)
                0x20000000                . = ALIGN (0x4)
                0x20000000                _ebss = .

/DISCARD/
 *(.eh_frame)
                0x20000000                . = ALIGN (0x4)
                0x20000000                end = .
                0x20005000                PROVIDE (_stack, (ORIGIN (ram) + LENGTH (ram)))
OUTPUT(miniblink.elf elf32-littlearm)

.debug_info     0x00000000      0xe89
 .debug_info    0x00000000      0x2cc miniblink.o
 .debug_info    0x000002cc      0x1df ../libopencm3/lib/libopencm3_stm32f1.a(gpio.o)
 .debug_info    0x000004ab      0x22c ../libopencm3/lib/libopencm3_stm32f1.a(gpio_common_all.o)
 .debug_info    0x000006d7      0x50a ../libopencm3/lib/libopencm3_stm32f1.a(rcc_common_all.o)
 .debug_info    0x00000be1      0x2a8 ../libopencm3/lib/libopencm3_stm32f1.a(vector.o)

.debug_abbrev   0x00000000      0x4e8
 .debug_abbrev  0x00000000       0xd8 miniblink.o
 .debug_abbrev  0x000000d8       0xb7 ../libopencm3/lib/libopencm3_stm32f1.a(gpio.o)
 .debug_abbrev  0x0000018f      0x10e ../libopencm3/lib/libopencm3_stm32f1.a(gpio_common_all.o)
 .debug_abbrev  0x0000029d      0x105 ../libopencm3/lib/libopencm3_stm32f1.a(rcc_common_all.o)
 .debug_abbrev  0x000003a2      0x146 ../libopencm3/lib/libopencm3_stm32f1.a(vector.o)

.debug_loc      0x00000000      0x46a
 .debug_loc     0x00000000       0x4d miniblink.o
 .debug_loc     0x0000004d      0x19f ../libopencm3/lib/libopencm3_stm32f1.a(gpio.o)
 .debug_loc     0x000001ec       0x97 ../libopencm3/lib/libopencm3_stm32f1.a(gpio_common_all.o)
 .debug_loc     0x00000283      0x108 ../libopencm3/lib/libopencm3_stm32f1.a(rcc_common_all.o)
 .debug_loc     0x0000038b       0xdf ../libopencm3/lib/libopencm3_stm32f1.a(vector.o)

.debug_aranges  0x00000000      0x130
 .debug_aranges
                0x00000000       0x20 miniblink.o
 .debug_aranges
                0x00000020       0x38 ../libopencm3/lib/libopencm3_stm32f1.a(gpio.o)
 .debug_aranges
                0x00000058       0x50 ../libopencm3/lib/libopencm3_stm32f1.a(gpio_common_all.o)
 .debug_aranges
                0x000000a8       0x58 ../libopencm3/lib/libopencm3_stm32f1.a(rcc_common_all.o)
 .debug_aranges
                0x00000100       0x30 ../libopencm3/lib/libopencm3_stm32f1.a(vector.o)

.debug_ranges   0x00000000       0xe0
 .debug_ranges  0x00000000       0x10 miniblink.o
 .debug_ranges  0x00000010       0x28 ../libopencm3/lib/libopencm3_stm32f1.a(gpio.o)
 .debug_ranges  0x00000038       0x40 ../libopencm3/lib/libopencm3_stm32f1.a(gpio_common_all.o)
 .debug_ranges  0x00000078       0x48 ../libopencm3/lib/libopencm3_stm32f1.a(rcc_common_all.o)
 .debug_ranges  0x000000c0       0x20 ../libopencm3/lib/libopencm3_stm32f1.a(vector.o)

.debug_line     0x00000000      0xd9b
 .debug_line    0x00000000       0xe0 miniblink.o
 .debug_line    0x000000e0      0x302 ../libopencm3/lib/libopencm3_stm32f1.a(gpio.o)
 .debug_line    0x000003e2      0x336 ../libopencm3/lib/libopencm3_stm32f1.a(gpio_common_all.o)
 .debug_line    0x00000718      0x33b ../libopencm3/lib/libopencm3_stm32f1.a(rcc_common_all.o)
 .debug_line    0x00000a53      0x348 ../libopencm3/lib/libopencm3_stm32f1.a(vector.o)

.debug_str      0x00000000     0xcadd
 .debug_str     0x00000000      0x374 miniblink.o
                                0x3fd (size before relaxing)
 .debug_str     0x00000374     0x7ad4 ../libopencm3/lib/libopencm3_stm32f1.a(gpio.o)
                               0x7c5c (size before relaxing)
 .debug_str     0x00007e48       0x74 ../libopencm3/lib/libopencm3_stm32f1.a(gpio_common_all.o)
                               0x7c50 (size before relaxing)
 .debug_str     0x00007ebc     0x2725 ../libopencm3/lib/libopencm3_stm32f1.a(rcc_common_all.o)
                               0x6d9d (size before relaxing)
 .debug_str     0x0000a5e1     0x24fc ../libopencm3/lib/libopencm3_stm32f1.a(vector.o)
                               0x5dae (size before relaxing)

.comment        0x00000000       0x6e
 .comment       0x00000000       0x6e miniblink.o
                                 0x6f (size before relaxing)
 .comment       0x0000006e       0x6f ../libopencm3/lib/libopencm3_stm32f1.a(gpio.o)
 .comment       0x0000006e       0x6f ../libopencm3/lib/libopencm3_stm32f1.a(gpio_common_all.o)
 .comment       0x0000006e       0x6f ../libopencm3/lib/libopencm3_stm32f1.a(rcc_common_all.o)
 .comment       0x0000006e       0x6f ../libopencm3/lib/libopencm3_stm32f1.a(vector.o)

.ARM.attributes
                0x00000000       0x33
 .ARM.attributes
                0x00000000       0x33 miniblink.o
 .ARM.attributes
                0x00000033       0x33 ../libopencm3/lib/libopencm3_stm32f1.a(gpio.o)
 .ARM.attributes
                0x00000066       0x33 ../libopencm3/lib/libopencm3_stm32f1.a(gpio_common_all.o)
 .ARM.attributes
                0x00000099       0x33 ../libopencm3/lib/libopencm3_stm32f1.a(rcc_common_all.o)
 .ARM.attributes
                0x000000cc       0x33 ../libopencm3/lib/libopencm3_stm32f1.a(vector.o)

.debug_frame    0x00000000      0x1fc
 .debug_frame   0x00000000       0x28 miniblink.o
 .debug_frame   0x00000028       0x64 ../libopencm3/lib/libopencm3_stm32f1.a(gpio.o)
 .debug_frame   0x0000008c       0x80 ../libopencm3/lib/libopencm3_stm32f1.a(gpio_common_all.o)
 .debug_frame   0x0000010c       0xb0 ../libopencm3/lib/libopencm3_stm32f1.a(rcc_common_all.o)
 .debug_frame   0x000001bc       0x40 ../libopencm3/lib/libopencm3_stm32f1.a(vector.o)

.debug_macro    0x00000000     0x2f20
 .debug_macro   0x00000000       0xb9 ../libopencm3/lib/libopencm3_stm32f1.a(gpio.o)
 .debug_macro   0x000000b9      0x874 ../libopencm3/lib/libopencm3_stm32f1.a(gpio.o)
 .debug_macro   0x0000092d       0x22 ../libopencm3/lib/libopencm3_stm32f1.a(gpio.o)
 .debug_macro   0x0000094f       0x87 ../libopencm3/lib/libopencm3_stm32f1.a(gpio.o)
 .debug_macro   0x000009d6       0x44 ../libopencm3/lib/libopencm3_stm32f1.a(gpio.o)
 .debug_macro   0x00000a1a       0xfd ../libopencm3/lib/libopencm3_stm32f1.a(gpio.o)
 .debug_macro   0x00000b17       0x5e ../libopencm3/lib/libopencm3_stm32f1.a(gpio.o)
 .debug_macro   0x00000b75      0x1df ../libopencm3/lib/libopencm3_stm32f1.a(gpio.o)
 .debug_macro   0x00000d54       0x22 ../libopencm3/lib/libopencm3_stm32f1.a(gpio.o)
 .debug_macro   0x00000d76       0xfa ../libopencm3/lib/libopencm3_stm32f1.a(gpio.o)
 .debug_macro   0x00000e70       0x58 ../libopencm3/lib/libopencm3_stm32f1.a(gpio.o)
 .debug_macro   0x00000ec8      0x1b4 ../libopencm3/lib/libopencm3_stm32f1.a(gpio.o)
 .debug_macro   0x0000107c       0x76 ../libopencm3/lib/libopencm3_stm32f1.a(gpio.o)
 .debug_macro   0x000010f2      0xdfd ../libopencm3/lib/libopencm3_stm32f1.a(gpio.o)
 .debug_macro   0x00001eef       0xb9 ../libopencm3/lib/libopencm3_stm32f1.a(gpio_common_all.o)
 .debug_macro   0x00001fa8       0xcf ../libopencm3/lib/libopencm3_stm32f1.a(rcc_common_all.o)
 .debug_macro   0x00002077      0x82c ../libopencm3/lib/libopencm3_stm32f1.a(rcc_common_all.o)
 .debug_macro   0x000028a3       0xd0 ../libopencm3/lib/libopencm3_stm32f1.a(vector.o)
 .debug_macro   0x00002973      0x3a1 ../libopencm3/lib/libopencm3_stm32f1.a(vector.o)
 .debug_macro   0x00002d14       0x6a ../libopencm3/lib/libopencm3_stm32f1.a(vector.o)
 .debug_macro   0x00002d7e      0x1a2 ../libopencm3/lib/libopencm3_stm32f1.a(vector.o)
