Archive member included to satisfy reference by file (symbol)

../libopencm3/lib/libopencm3_stm32f1.a(gpio.o)
                              cdcacm.o (gpio_set_mode)
../libopencm3/lib/libopencm3_stm32f1.a(rcc.o)
                              cdcacm.o (rcc_clock_setup_in_hse_8mhz_out_72mhz)
../libopencm3/lib/libopencm3_stm32f1.a(gpio_common_all.o)
                              cdcacm.o (gpio_set)
../libopencm3/lib/libopencm3_stm32f1.a(usart_common_all.o)
                              cdcacm.o (usart_set_baudrate)
../libopencm3/lib/libopencm3_stm32f1.a(usart_common_f124.o)
                              cdcacm.o (usart_send)
../libopencm3/lib/libopencm3_stm32f1.a(rcc_common_all.o)
                              cdcacm.o (rcc_periph_clock_enable)
../libopencm3/lib/libopencm3_stm32f1.a(flash_common_f01.o)
                              ../libopencm3/lib/libopencm3_stm32f1.a(rcc.o) (flash_set_ws)
../libopencm3/lib/libopencm3_stm32f1.a(usb.o)
                              cdcacm.o (usbd_init)
../libopencm3/lib/libopencm3_stm32f1.a(usb_control.o)
                              cdcacm.o (usbd_register_control_callback)
../libopencm3/lib/libopencm3_stm32f1.a(usb_standard.o)
                              cdcacm.o (usbd_register_set_config_callback)
../libopencm3/lib/libopencm3_stm32f1.a(st_usbfs_v1.o)
                              cdcacm.o (st_usbfs_v1_usb_driver)
../libopencm3/lib/libopencm3_stm32f1.a(vector.o)
                              (reset_handler)
../libopencm3/lib/libopencm3_stm32f1.a(systick.o)
                              cdcacm.o (systick_set_frequency)
../libopencm3/lib/libopencm3_stm32f1.a(nvic.o)
                              cdcacm.o (nvic_enable_irq)
../libopencm3/lib/libopencm3_stm32f1.a(assert.o)
                              ../libopencm3/lib/libopencm3_stm32f1.a(rcc.o) (cm3_assert_failed)
../libopencm3/lib/libopencm3_stm32f1.a(flash.o)
                              ../libopencm3/lib/libopencm3_stm32f1.a(flash_common_f01.o) (flash_get_status_flags)
../libopencm3/lib/libopencm3_stm32f1.a(st_usbfs_core.o)
                              ../libopencm3/lib/libopencm3_stm32f1.a(st_usbfs_v1.o) (st_usbfs_set_address)
/usr/local/gcc-arm-none-eabi-5_4-2016q3/bin/../lib/gcc/arm-none-eabi/5.4.1/../../../../arm-none-eabi/lib/armv7-m/libc.a(lib_a-memcpy.o)
                              ../libopencm3/lib/libopencm3_stm32f1.a(usb_standard.o) (memcpy)
/usr/local/gcc-arm-none-eabi-5_4-2016q3/bin/../lib/gcc/arm-none-eabi/5.4.1/../../../../arm-none-eabi/lib/armv7-m/libc.a(lib_a-sprintf.o)
                              cdcacm.o (sprintf)
/usr/local/gcc-arm-none-eabi-5_4-2016q3/bin/../lib/gcc/arm-none-eabi/5.4.1/../../../../arm-none-eabi/lib/armv7-m/libc.a(lib_a-strlen-stub.o)
                              ../libopencm3/lib/libopencm3_stm32f1.a(usb_standard.o) (strlen)
/usr/local/gcc-arm-none-eabi-5_4-2016q3/bin/../lib/gcc/arm-none-eabi/5.4.1/../../../../arm-none-eabi/lib/armv7-m/libc.a(lib_a-svfprintf.o)
                              /usr/local/gcc-arm-none-eabi-5_4-2016q3/bin/../lib/gcc/arm-none-eabi/5.4.1/../../../../arm-none-eabi/lib/armv7-m/libc.a(lib_a-sprintf.o) (_svfprintf_r)
/usr/local/gcc-arm-none-eabi-5_4-2016q3/bin/../lib/gcc/arm-none-eabi/5.4.1/../../../../arm-none-eabi/lib/armv7-m/libc.a(lib_a-dtoa.o)
                              /usr/local/gcc-arm-none-eabi-5_4-2016q3/bin/../lib/gcc/arm-none-eabi/5.4.1/../../../../arm-none-eabi/lib/armv7-m/libc.a(lib_a-svfprintf.o) (_dtoa_r)
/usr/local/gcc-arm-none-eabi-5_4-2016q3/bin/../lib/gcc/arm-none-eabi/5.4.1/../../../../arm-none-eabi/lib/armv7-m/libc.a(lib_a-impure.o)
                              /usr/local/gcc-arm-none-eabi-5_4-2016q3/bin/../lib/gcc/arm-none-eabi/5.4.1/../../../../arm-none-eabi/lib/armv7-m/libc.a(lib_a-sprintf.o) (_impure_ptr)
/usr/local/gcc-arm-none-eabi-5_4-2016q3/bin/../lib/gcc/arm-none-eabi/5.4.1/../../../../arm-none-eabi/lib/armv7-m/libc.a(lib_a-localeconv.o)
                              /usr/local/gcc-arm-none-eabi-5_4-2016q3/bin/../lib/gcc/arm-none-eabi/5.4.1/../../../../arm-none-eabi/lib/armv7-m/libc.a(lib_a-svfprintf.o) (_localeconv_r)
/usr/local/gcc-arm-none-eabi-5_4-2016q3/bin/../lib/gcc/arm-none-eabi/5.4.1/../../../../arm-none-eabi/lib/armv7-m/libc.a(lib_a-mallocr.o)
                              /usr/local/gcc-arm-none-eabi-5_4-2016q3/bin/../lib/gcc/arm-none-eabi/5.4.1/../../../../arm-none-eabi/lib/armv7-m/libc.a(lib_a-svfprintf.o) (_malloc_r)
/usr/local/gcc-arm-none-eabi-5_4-2016q3/bin/../lib/gcc/arm-none-eabi/5.4.1/../../../../arm-none-eabi/lib/armv7-m/libc.a(lib_a-memchr-stub.o)
                              /usr/local/gcc-arm-none-eabi-5_4-2016q3/bin/../lib/gcc/arm-none-eabi/5.4.1/../../../../arm-none-eabi/lib/armv7-m/libc.a(lib_a-svfprintf.o) (memchr)
/usr/local/gcc-arm-none-eabi-5_4-2016q3/bin/../lib/gcc/arm-none-eabi/5.4.1/../../../../arm-none-eabi/lib/armv7-m/libc.a(lib_a-mlock.o)
[...]
Memory Configuration

Name             Origin             Length             Attributes
rom              0x08000000         0x00010000         xr
ram              0x20000000         0x00005000         xrw
*default*        0x00000000         0xffffffff

Linker script and memory map

LOAD cdcacm.o
LOAD ../libopencm3/lib/libopencm3_stm32f1.a
START GROUP
LOAD /usr/local/gcc-arm-none-eabi-5_4-2016q3/bin/../lib/gcc/arm-none-eabi/5.4.1/../../../../arm-none-eabi/lib/armv7-m/libc.a
LOAD /usr/local/gcc-arm-none-eabi-5_4-2016q3/bin/../lib/gcc/arm-none-eabi/5.4.1/armv7-m/libgcc.a
LOAD /usr/local/gcc-arm-none-eabi-5_4-2016q3/bin/../lib/gcc/arm-none-eabi/5.4.1/../../../../arm-none-eabi/lib/armv7-m/libnosys.a
END GROUP
START GROUP
LOAD /usr/local/gcc-arm-none-eabi-5_4-2016q3/bin/../lib/gcc/arm-none-eabi/5.4.1/armv7-m/libgcc.a
LOAD /usr/local/gcc-arm-none-eabi-5_4-2016q3/bin/../lib/gcc/arm-none-eabi/5.4.1/../../../../arm-none-eabi/lib/armv7-m/libc.a
END GROUP

.text           0x08000000     0x6694
 *(.vectors)
 .vectors       0x08000000      0x150 ../libopencm3/lib/libopencm3_stm32f1.a(vector.o)
                0x08000000                vector_table
 *(.text*)
 .text.bufAdd   0x08000150       0x32 cdcacm.o
 .text.cdcacm_control_request
                0x08000182       0x1c cdcacm.o
 *fill*         0x0800019e        0x2 
 .text.cdcacm_set_config
                0x080001a0       0x4c cdcacm.o
 .text.cdcacm_data_rx_cb
                0x080001ec       0x64 cdcacm.o
 .text.usart1_isr
                0x08000250       0xec cdcacm.o
                0x08000250                usart1_isr
 .text.usart2_isr
                0x0800033c       0x68 cdcacm.o
                0x0800033c                usart2_isr
 .text.startup.main
                0x080003a4      0x198 cdcacm.o
                0x080003a4                main
 .text.gpio_set_mode
                0x0800053c       0x64 ../libopencm3/lib/libopencm3_stm32f1.a(gpio.o)
                0x0800053c                gpio_set_mode
 .text.rcc_osc_on.part.1
                0x080005a0       0x10 ../libopencm3/lib/libopencm3_stm32f1.a(rcc.o)
 .text.rcc_is_osc_ready
                0x080005b0       0x5c ../libopencm3/lib/libopencm3_stm32f1.a(rcc.o)
                0x080005b0                rcc_is_osc_ready
 .text.rcc_wait_for_osc_ready
                0x0800060c       0x10 ../libopencm3/lib/libopencm3_stm32f1.a(rcc.o)
                0x0800060c                rcc_wait_for_osc_ready
 .text.rcc_osc_on
                0x0800061c       0x54 ../libopencm3/lib/libopencm3_stm32f1.a(rcc.o)
                0x0800061c                rcc_osc_on
 .text.rcc_set_sysclk_source
                0x08000670       0x14 ../libopencm3/lib/libopencm3_stm32f1.a(rcc.o)
                0x08000670                rcc_set_sysclk_source
 .text.rcc_set_pll_multiplication_factor
                0x08000684       0x14 ../libopencm3/lib/libopencm3_stm32f1.a(rcc.o)
                0x08000684                rcc_set_pll_multiplication_factor
 .text.rcc_set_pll_source
                0x08000698       0x14 ../libopencm3/lib/libopencm3_stm32f1.a(rcc.o)
                0x08000698                rcc_set_pll_source
 .text.rcc_set_pllxtpre
                0x080006ac       0x14 ../libopencm3/lib/libopencm3_stm32f1.a(rcc.o)
                0x080006ac                rcc_set_pllxtpre
 .text.rcc_set_adcpre
                0x080006c0       0x14 ../libopencm3/lib/libopencm3_stm32f1.a(rcc.o)
                0x080006c0                rcc_set_adcpre
 .text.rcc_set_ppre2
                0x080006d4       0x14 ../libopencm3/lib/libopencm3_stm32f1.a(rcc.o)
                0x080006d4                rcc_set_ppre2
 .text.rcc_set_ppre1
                0x080006e8       0x14 ../libopencm3/lib/libopencm3_stm32f1.a(rcc.o)
                0x080006e8                rcc_set_ppre1
 .text.rcc_set_hpre
                0x080006fc       0x14 ../libopencm3/lib/libopencm3_stm32f1.a(rcc.o)
                0x080006fc                rcc_set_hpre
 .text.rcc_clock_setup_in_hse_8mhz_out_72mhz
                0x08000710       0x8c ../libopencm3/lib/libopencm3_stm32f1.a(rcc.o)
                0x08000710                rcc_clock_setup_in_hse_8mhz_out_72mhz
 .text.gpio_set
                0x0800079c        0x4 ../libopencm3/lib/libopencm3_stm32f1.a(gpio_common_all.o)
                0x0800079c                gpio_set
 .text.gpio_clear
                0x080007a0        0x6 ../libopencm3/lib/libopencm3_stm32f1.a(gpio_common_all.o)
                0x080007a0                gpio_clear
 .text.gpio_toggle
                0x080007a6       0x12 ../libopencm3/lib/libopencm3_stm32f1.a(gpio_common_all.o)
                0x080007a6                gpio_toggle
 .text.usart_set_baudrate
                0x080007b8       0x28 ../libopencm3/lib/libopencm3_stm32f1.a(usart_common_all.o)
                0x080007b8                usart_set_baudrate
 .text.usart_set_databits
                0x080007e0       0x12 ../libopencm3/lib/libopencm3_stm32f1.a(usart_common_all.o)
                0x080007e0                usart_set_databits
 .text.usart_set_stopbits
                0x080007f2        0xc ../libopencm3/lib/libopencm3_stm32f1.a(usart_common_all.o)
                0x080007f2                usart_set_stopbits
 .text.usart_set_parity
                0x080007fe        0xc ../libopencm3/lib/libopencm3_stm32f1.a(usart_common_all.o)
                0x080007fe                usart_set_parity
 .text.usart_set_mode
                0x0800080a        0xc ../libopencm3/lib/libopencm3_stm32f1.a(usart_common_all.o)
                0x0800080a                usart_set_mode
 .text.usart_set_flow_control
                0x08000816        0xc ../libopencm3/lib/libopencm3_stm32f1.a(usart_common_all.o)
                0x08000816                usart_set_flow_control
 .text.usart_enable
                0x08000822        0xa ../libopencm3/lib/libopencm3_stm32f1.a(usart_common_all.o)
                0x08000822                usart_enable
 .text.usart_disable_tx_interrupt
                0x0800082c        0xa ../libopencm3/lib/libopencm3_stm32f1.a(usart_common_all.o)
                0x0800082c                usart_disable_tx_interrupt
 .text.usart_send
                0x08000836        0x8 ../libopencm3/lib/libopencm3_stm32f1.a(usart_common_f124.o)
                0x08000836                usart_send
 .text.usart_recv
                0x0800083e        0x8 ../libopencm3/lib/libopencm3_stm32f1.a(usart_common_f124.o)
                0x0800083e                usart_recv
 .text.rcc_periph_clock_enable
                0x08000846       0x1c ../libopencm3/lib/libopencm3_stm32f1.a(rcc_common_all.o)
                0x08000846                rcc_periph_clock_enable
 *fill*         0x08000862        0x2 
 .text.flash_set_ws
                0x08000864       0x14 ../libopencm3/lib/libopencm3_stm32f1.a(flash_common_f01.o)
                0x08000864                flash_set_ws
 .text.usbd_init
                0x08000878       0x58 ../libopencm3/lib/libopencm3_stm32f1.a(usb.o)
                0x08000878                usbd_init
 .text.usbd_poll
                0x080008d0        0x8 ../libopencm3/lib/libopencm3_stm32f1.a(usb.o)
                0x080008d0                usbd_poll
 .text.usbd_ep_setup
                0x080008d8        0xe ../libopencm3/lib/libopencm3_stm32f1.a(usb.o)
                0x080008d8                usbd_ep_setup
 .text._usbd_reset
                0x080008e6       0x34 ../libopencm3/lib/libopencm3_stm32f1.a(usb.o)
                0x080008e6                _usbd_reset
 .text.usbd_ep_write_packet
                0x0800091a        0xe ../libopencm3/lib/libopencm3_stm32f1.a(usb.o)
                0x0800091a                usbd_ep_write_packet
 .text.usbd_ep_read_packet
                0x08000928        0xe ../libopencm3/lib/libopencm3_stm32f1.a(usb.o)
                0x08000928                usbd_ep_read_packet
 .text.usbd_ep_stall_set
                0x08000936        0x8 ../libopencm3/lib/libopencm3_stm32f1.a(usb.o)
                0x08000936                usbd_ep_stall_set
 .text.usbd_ep_stall_get
                0x0800093e        0x8 ../libopencm3/lib/libopencm3_stm32f1.a(usb.o)
                0x0800093e                usbd_ep_stall_get
 .text.stall_transaction
                0x08000946       0x14 ../libopencm3/lib/libopencm3_stm32f1.a(usb_control.o)
 .text.usb_control_recv_chunk
                0x0800095a       0x3c ../libopencm3/lib/libopencm3_stm32f1.a(usb_control.o)
 .text.usb_control_send_chunk
                0x08000996       0x56 ../libopencm3/lib/libopencm3_stm32f1.a(usb_control.o)
 .text.usb_control_request_dispatch
                0x080009ec       0x62 ../libopencm3/lib/libopencm3_stm32f1.a(usb_control.o)
 .text.usb_control_setup_read
                0x08000a4e       0x6a ../libopencm3/lib/libopencm3_stm32f1.a(usb_control.o)
 .text.usbd_register_control_callback
                0x08000ab8       0x26 ../libopencm3/lib/libopencm3_stm32f1.a(usb_control.o)
                0x08000ab8                usbd_register_control_callback
 .text._usbd_control_setup
                0x08000ade       0x5a ../libopencm3/lib/libopencm3_stm32f1.a(usb_control.o)
                0x08000ade                _usbd_control_setup
 .text._usbd_control_out
                0x08000b38       0x86 ../libopencm3/lib/libopencm3_stm32f1.a(usb_control.o)
                0x08000b38                _usbd_control_out
 .text._usbd_control_in
                0x08000bbe       0x56 ../libopencm3/lib/libopencm3_stm32f1.a(usb_control.o)
                0x08000bbe                _usbd_control_in
 .text.usb_standard_set_configuration
                0x08000c14       0x92 ../libopencm3/lib/libopencm3_stm32f1.a(usb_standard.o)
 .text.usb_standard_get_configuration
                0x08000ca6       0x22 ../libopencm3/lib/libopencm3_stm32f1.a(usb_standard.o)
 .text.usb_standard_get_interface
                0x08000cc8       0x34 ../libopencm3/lib/libopencm3_stm32f1.a(usb_standard.o)
 .text.usb_standard_interface_get_status
                0x08000cfc       0x18 ../libopencm3/lib/libopencm3_stm32f1.a(usb_standard.o)
 .text.usb_standard_endpoint_get_status
                0x08000d14       0x2a ../libopencm3/lib/libopencm3_stm32f1.a(usb_standard.o)
 .text.usb_standard_endpoint_stall
                0x08000d3e       0x10 ../libopencm3/lib/libopencm3_stm32f1.a(usb_standard.o)
 .text.usb_standard_endpoint_unstall
                0x08000d4e       0x10 ../libopencm3/lib/libopencm3_stm32f1.a(usb_standard.o)
 .text.usb_standard_set_address
                0x08000d5e       0x2a ../libopencm3/lib/libopencm3_stm32f1.a(usb_standard.o)
 .text.usb_standard_set_interface
                0x08000d88       0x4a ../libopencm3/lib/libopencm3_stm32f1.a(usb_standard.o)
 .text.usb_standard_get_descriptor
                0x08000dd2      0x25a ../libopencm3/lib/libopencm3_stm32f1.a(usb_standard.o)
 .text.usb_standard_device_get_status
                0x0800102c       0x18 ../libopencm3/lib/libopencm3_stm32f1.a(usb_standard.o)
 .text.usbd_register_set_config_callback
                0x08001044       0x24 ../libopencm3/lib/libopencm3_stm32f1.a(usb_standard.o)
                0x08001044                usbd_register_set_config_callback
 .text._usbd_standard_request_device
                0x08001068       0x20 ../libopencm3/lib/libopencm3_stm32f1.a(usb_standard.o)
                0x08001068                _usbd_standard_request_device
 .text._usbd_standard_request_interface
                0x08001088       0x20 ../libopencm3/lib/libopencm3_stm32f1.a(usb_standard.o)
                0x08001088                _usbd_standard_request_interface
 .text._usbd_standard_request_endpoint
                0x080010a8       0x3c ../libopencm3/lib/libopencm3_stm32f1.a(usb_standard.o)
                0x080010a8                _usbd_standard_request_endpoint
 .text._usbd_standard_request
                0x080010e4       0x30 ../libopencm3/lib/libopencm3_stm32f1.a(usb_standard.o)
                0x080010e4                _usbd_standard_request
 .text.st_usbfs_v1_usbd_init
                0x08001114       0x30 ../libopencm3/lib/libopencm3_stm32f1.a(st_usbfs_v1.o)
 .text.st_usbfs_copy_to_pm
                0x08001144       0x18 ../libopencm3/lib/libopencm3_stm32f1.a(st_usbfs_v1.o)
                0x08001144                st_usbfs_copy_to_pm
 .text.st_usbfs_copy_from_pm
                0x0800115c       0x2a ../libopencm3/lib/libopencm3_stm32f1.a(st_usbfs_v1.o)
                0x0800115c                st_usbfs_copy_from_pm
 .text.blocking_handler
                0x08001186        0x2 ../libopencm3/lib/libopencm3_stm32f1.a(vector.o)
                0x08001186                usart3_isr
                0x08001186                rtc_isr
                0x08001186                tim7_isr
                0x08001186                adc1_2_isr
                0x08001186                tim1_trg_com_isr
                0x08001186                usb_hp_can_tx_isr
                0x08001186                tim6_isr
                0x08001186                usb_wakeup_isr
                0x08001186                blocking_handler
                0x08001186                tim5_isr
                0x08001186                otg_fs_isr
                0x08001186                spi1_isr
                0x08001186                exti2_isr
                0x08001186                dma1_channel6_isr
                0x08001186                can_rx1_isr
                0x08001186                dma1_channel5_isr
                0x08001186                dma2_channel5_isr
                0x08001186                usage_fault_handler
                0x08001186                tim8_trg_com_isr
                0x08001186                can2_rx0_isr
                0x08001186                tim1_brk_isr
                0x08001186                can2_rx1_isr
                0x08001186                tim1_cc_isr
                0x08001186                sdio_isr
                0x08001186                eth_isr
                0x08001186                dma1_channel4_isr
                0x08001186                tim8_brk_isr
                0x08001186                dma2_channel4_5_isr
                0x08001186                pvd_isr
                0x08001186                rcc_isr
                0x08001186                flash_isr
                0x08001186                uart4_isr
                0x08001186                rtc_alarm_isr
                0x08001186                exti15_10_isr
                0x08001186                hard_fault_handler
                0x08001186                exti1_isr
                0x08001186                i2c1_ev_isr
                0x08001186                dma2_channel1_isr
                0x08001186                spi2_isr
                0x08001186                tim8_up_isr
                0x08001186                dma2_channel2_isr
                0x08001186                exti3_isr
                0x08001186                adc3_isr
                0x08001186                tim3_isr
                0x08001186                usb_lp_can_rx0_isr
                0x08001186                i2c2_er_isr
                0x08001186                i2c2_ev_isr
                0x08001186                uart5_isr
                0x08001186                fsmc_isr
                0x08001186                dma1_channel1_isr
                0x08001186                exti4_isr
                0x08001186                mem_manage_handler
                0x08001186                can2_tx_isr
                0x08001186                exti9_5_isr
                0x08001186                dma2_channel3_isr
                0x08001186                dma1_channel7_isr
                0x08001186                tim1_up_isr
                0x08001186                can2_sce_isr
                0x08001186                tim4_isr
                0x08001186                dma1_channel2_isr
                0x08001186                i2c1_er_isr
                0x08001186                can_sce_isr
                0x08001186                tim8_cc_isr
                0x08001186                tamper_isr
                0x08001186                eth_wkup_isr
                0x08001186                bus_fault_handler
                0x08001186                wwdg_isr
                0x08001186                dma1_channel3_isr
                0x08001186                spi3_isr
                0x08001186                tim2_isr
                0x08001186                exti0_isr
 .text.null_handler
                0x08001188        0x2 ../libopencm3/lib/libopencm3_stm32f1.a(vector.o)
                0x08001188                null_handler
                0x08001188                sv_call_handler
                0x08001188                pend_sv_handler
                0x08001188                debug_monitor_handler
                0x08001188                sys_tick_handler
                0x08001188                nmi_handler
 *fill*         0x0800118a        0x2 
 .text.reset_handler
                0x0800118c       0x90 ../libopencm3/lib/libopencm3_stm32f1.a(vector.o)
                0x0800118c                reset_handler
 .text.systick_set_clocksource
                0x0800121c       0x18 ../libopencm3/lib/libopencm3_stm32f1.a(systick.o)
                0x0800121c                systick_set_clocksource
 .text.systick_set_frequency
                0x08001234       0x3c ../libopencm3/lib/libopencm3_stm32f1.a(systick.o)
                0x08001234                systick_set_frequency
 .text.systick_interrupt_disable
                0x08001270       0x10 ../libopencm3/lib/libopencm3_stm32f1.a(systick.o)
                0x08001270                systick_interrupt_disable
 .text.systick_counter_disable
                0x08001280       0x10 ../libopencm3/lib/libopencm3_stm32f1.a(systick.o)
                0x08001280                systick_counter_disable
 .text.nvic_enable_irq
                0x08001290       0x1a ../libopencm3/lib/libopencm3_stm32f1.a(nvic.o)
                0x08001290                nvic_enable_irq
 *fill*         0x080012aa        0x2 
 .text.nvic_disable_irq
                0x080012ac       0x18 ../libopencm3/lib/libopencm3_stm32f1.a(nvic.o)
                0x080012ac                nvic_disable_irq
 .text.nvic_set_priority
                0x080012c4       0x20 ../libopencm3/lib/libopencm3_stm32f1.a(nvic.o)
                0x080012c4                nvic_set_priority
 .text.st_usbfs_set_address
                0x080012e4       0x10 ../libopencm3/lib/libopencm3_stm32f1.a(st_usbfs_core.o)
                0x080012e4                st_usbfs_set_address
 .text.st_usbfs_set_ep_rx_bufsize
                0x080012f4       0x44 ../libopencm3/lib/libopencm3_stm32f1.a(st_usbfs_core.o)
                0x080012f4                st_usbfs_set_ep_rx_bufsize
 .text.st_usbfs_ep_setup
                0x08001338      0x124 ../libopencm3/lib/libopencm3_stm32f1.a(st_usbfs_core.o)
                0x08001338                st_usbfs_ep_setup
 .text.st_usbfs_endpoints_reset
                0x0800145c       0x44 ../libopencm3/lib/libopencm3_stm32f1.a(st_usbfs_core.o)
                0x0800145c                st_usbfs_endpoints_reset
 .text.st_usbfs_ep_stall_set
                0x080014a0       0xb8 ../libopencm3/lib/libopencm3_stm32f1.a(st_usbfs_core.o)
                0x080014a0                st_usbfs_ep_stall_set
 .text.st_usbfs_ep_stall_get
                0x08001558       0x38 ../libopencm3/lib/libopencm3_stm32f1.a(st_usbfs_core.o)
                0x08001558                st_usbfs_ep_stall_get
 .text.st_usbfs_ep_nak_set
                0x08001590       0x3c ../libopencm3/lib/libopencm3_stm32f1.a(st_usbfs_core.o)
                0x08001590                st_usbfs_ep_nak_set
 .text.st_usbfs_ep_write_packet
                0x080015cc       0x7c ../libopencm3/lib/libopencm3_stm32f1.a(st_usbfs_core.o)
                0x080015cc                st_usbfs_ep_write_packet
 .text.st_usbfs_ep_read_packet
                0x08001648       0xac ../libopencm3/lib/libopencm3_stm32f1.a(st_usbfs_core.o)
                0x08001648                st_usbfs_ep_read_packet
 .text.st_usbfs_poll
                0x080016f4       0xe4 ../libopencm3/lib/libopencm3_stm32f1.a(st_usbfs_core.o)
                0x080016f4                st_usbfs_poll
 .text          0x080017d8       0xec /usr/local/gcc-arm-none-eabi-5_4-2016q3/bin/../lib/gcc/arm-none-eabi/5.4.1/../../../../arm-none-eabi/lib/armv7-m/libc.a(lib_a-memcpy.o)
                0x080017d8                memcpy
 .text.sprintf  0x080018c4       0x4c /usr/local/gcc-arm-none-eabi-5_4-2016q3/bin/../lib/gcc/arm-none-eabi/5.4.1/../../../../arm-none-eabi/lib/armv7-m/libc.a(lib_a-sprintf.o)
                0x080018c4                sprintf
 .text.strlen   0x08001910       0x5c /usr/local/gcc-arm-none-eabi-5_4-2016q3/bin/../lib/gcc/arm-none-eabi/5.4.1/../../../../arm-none-eabi/lib/armv7-m/libc.a(lib_a-strlen-stub.o)
                0x08001910                strlen
 .text._svfprintf_r
                0x0800196c     0x1760 /usr/local/gcc-arm-none-eabi-5_4-2016q3/bin/../lib/gcc/arm-none-eabi/5.4.1/../../../../arm-none-eabi/lib/armv7-m/libc.a(lib_a-svfprintf.o)
                0x0800196c                _svfprintf_r
 .text.quorem   0x080030cc      0x12c /usr/local/gcc-arm-none-eabi-5_4-2016q3/bin/../lib/gcc/arm-none-eabi/5.4.1/../../../../arm-none-eabi/lib/armv7-m/libc.a(lib_a-dtoa.o)
 .text._dtoa_r  0x080031f8      0xe4c /usr/local/gcc-arm-none-eabi-5_4-2016q3/bin/../lib/gcc/arm-none-eabi/5.4.1/../../../../arm-none-eabi/lib/armv7-m/libc.a(lib_a-dtoa.o)
                0x080031f8                _dtoa_r
 .text._localeconv_r
                0x08004044       0x1c /usr/local/gcc-arm-none-eabi-5_4-2016q3/bin/../lib/gcc/arm-none-eabi/5.4.1/../../../../arm-none-eabi/lib/armv7-m/libc.a(lib_a-localeconv.o)
                0x08004044                _localeconv_r
 .text._malloc_r
                0x08004060      0x558 /usr/local/gcc-arm-none-eabi-5_4-2016q3/bin/../lib/gcc/arm-none-eabi/5.4.1/../../../../arm-none-eabi/lib/armv7-m/libc.a(lib_a-mallocr.o)
                0x08004060                _malloc_r
 .text.memchr   0x080045b8       0x8c /usr/local/gcc-arm-none-eabi-5_4-2016q3/bin/../lib/gcc/arm-none-eabi/5.4.1/../../../../arm-none-eabi/lib/armv7-m/libc.a(lib_a-memchr-stub.o)
                0x080045b8                memchr
 .text.__malloc_lock
                0x08004644        0x4 /usr/local/gcc-arm-none-eabi-5_4-2016q3/bin/../lib/gcc/arm-none-eabi/5.4.1/../../../../arm-none-eabi/lib/armv7-m/libc.a(lib_a-mlock.o)
                0x08004644                __malloc_lock
 .text.__malloc_unlock
                0x08004648        0x4 /usr/local/gcc-arm-none-eabi-5_4-2016q3/bin/../lib/gcc/arm-none-eabi/5.4.1/../../../../arm-none-eabi/lib/armv7-m/libc.a(lib_a-mlock.o)
                0x08004648                __malloc_unlock
 .text._Balloc  0x0800464c       0x50 /usr/local/gcc-arm-none-eabi-5_4-2016q3/bin/../lib/gcc/arm-none-eabi/5.4.1/../../../../arm-none-eabi/lib/armv7-m/libc.a(lib_a-mprec.o)
                0x0800464c                _Balloc
 .text._Bfree   0x0800469c       0x14 /usr/local/gcc-arm-none-eabi-5_4-2016q3/bin/../lib/gcc/arm-none-eabi/5.4.1/../../../../arm-none-eabi/lib/armv7-m/libc.a(lib_a-mprec.o)
                0x0800469c                _Bfree
 .text.__multadd
                0x080046b0       0x80 /usr/local/gcc-arm-none-eabi-5_4-2016q3/bin/../lib/gcc/arm-none-eabi/5.4.1/../../../../arm-none-eabi/lib/armv7-m/libc.a(lib_a-mprec.o)
                0x080046b0                __multadd
 .text.__hi0bits
                0x08004730       0x40 /usr/local/gcc-arm-none-eabi-5_4-2016q3/bin/../lib/gcc/arm-none-eabi/5.4.1/../../../../arm-none-eabi/lib/armv7-m/libc.a(lib_a-mprec.o)
                0x08004730                __hi0bits
 .text.__lo0bits
                0x08004770       0x5c /usr/local/gcc-arm-none-eabi-5_4-2016q3/bin/../lib/gcc/arm-none-eabi/5.4.1/../../../../arm-none-eabi/lib/armv7-m/libc.a(lib_a-mprec.o)
                0x08004770                __lo0bits
 .text.__i2b    0x080047cc       0x14 /usr/local/gcc-arm-none-eabi-5_4-2016q3/bin/../lib/gcc/arm-none-eabi/5.4.1/../../../../arm-none-eabi/lib/armv7-m/libc.a(lib_a-mprec.o)
                0x080047cc                __i2b
 .text.__multiply
                0x080047e0      0x13c /usr/local/gcc-arm-none-eabi-5_4-2016q3/bin/../lib/gcc/arm-none-eabi/5.4.1/../../../../arm-none-eabi/lib/armv7-m/libc.a(lib_a-mprec.o)
                0x080047e0                __multiply
 .text.__pow5mult
                0x0800491c       0xa0 /usr/local/gcc-arm-none-eabi-5_4-2016q3/bin/../lib/gcc/arm-none-eabi/5.4.1/../../../../arm-none-eabi/lib/armv7-m/libc.a(lib_a-mprec.o)
                0x0800491c                __pow5mult
 .text.__lshift
                0x080049bc       0xac /usr/local/gcc-arm-none-eabi-5_4-2016q3/bin/../lib/gcc/arm-none-eabi/5.4.1/../../../../arm-none-eabi/lib/armv7-m/libc.a(lib_a-mprec.o)
                0x080049bc                __lshift
 .text.__mcmp   0x08004a68       0x40 /usr/local/gcc-arm-none-eabi-5_4-2016q3/bin/../lib/gcc/arm-none-eabi/5.4.1/../../../../arm-none-eabi/lib/armv7-m/libc.a(lib_a-mprec.o)
                0x08004a68                __mcmp
 .text.__mdiff  0x08004aa8      0x128 /usr/local/gcc-arm-none-eabi-5_4-2016q3/bin/../lib/gcc/arm-none-eabi/5.4.1/../../../../arm-none-eabi/lib/armv7-m/libc.a(lib_a-mprec.o)
                0x08004aa8                __mdiff
 .text.__d2b    0x08004bd0       0xa8 /usr/local/gcc-arm-none-eabi-5_4-2016q3/bin/../lib/gcc/arm-none-eabi/5.4.1/../../../../arm-none-eabi/lib/armv7-m/libc.a(lib_a-mprec.o)
                0x08004bd0                __d2b
 .text._sbrk_r  0x08004c78       0x24 /usr/local/gcc-arm-none-eabi-5_4-2016q3/bin/../lib/gcc/arm-none-eabi/5.4.1/../../../../arm-none-eabi/lib/armv7-m/libc.a(lib_a-sbrkr.o)
                0x08004c78                _sbrk_r
 .text.__ssprint_r
                0x08004c9c      0x100 /usr/local/gcc-arm-none-eabi-5_4-2016q3/bin/../lib/gcc/arm-none-eabi/5.4.1/../../../../arm-none-eabi/lib/armv7-m/libc.a(lib_a-svfiprintf.o)
                0x08004c9c                __ssprint_r
 .text._calloc_r
                0x08004d9c       0x60 /usr/local/gcc-arm-none-eabi-5_4-2016q3/bin/../lib/gcc/arm-none-eabi/5.4.1/../../../../arm-none-eabi/lib/armv7-m/libc.a(lib_a-callocr.o)
                0x08004d9c                _calloc_r
 .text._malloc_trim_r
                0x08004dfc       0x9c /usr/local/gcc-arm-none-eabi-5_4-2016q3/bin/../lib/gcc/arm-none-eabi/5.4.1/../../../../arm-none-eabi/lib/armv7-m/libc.a(lib_a-freer.o)
                0x08004dfc                _malloc_trim_r
 .text._free_r  0x08004e98      0x1d0 /usr/local/gcc-arm-none-eabi-5_4-2016q3/bin/../lib/gcc/arm-none-eabi/5.4.1/../../../../arm-none-eabi/lib/armv7-m/libc.a(lib_a-freer.o)
                0x08004e98                _free_r
 .text.__ascii_mbtowc
                0x08005068       0x2c /usr/local/gcc-arm-none-eabi-5_4-2016q3/bin/../lib/gcc/arm-none-eabi/5.4.1/../../../../arm-none-eabi/lib/armv7-m/libc.a(lib_a-mbtowc_r.o)
                0x08005068                __ascii_mbtowc
 .text.memmove  0x08005094       0xc8 /usr/local/gcc-arm-none-eabi-5_4-2016q3/bin/../lib/gcc/arm-none-eabi/5.4.1/../../../../arm-none-eabi/lib/armv7-m/libc.a(lib_a-memmove.o)
                0x08005094                memmove
 .text.memset   0x0800515c       0x9c /usr/local/gcc-arm-none-eabi-5_4-2016q3/bin/../lib/gcc/arm-none-eabi/5.4.1/../../../../arm-none-eabi/lib/armv7-m/libc.a(lib_a-memset.o)
                0x0800515c                memset
 .text._realloc_r
                0x080051f8      0x3d4 /usr/local/gcc-arm-none-eabi-5_4-2016q3/bin/../lib/gcc/arm-none-eabi/5.4.1/../../../../arm-none-eabi/lib/armv7-m/libc.a(lib_a-reallocr.o)
                0x080051f8                _realloc_r
 .text.__ascii_wctomb
                0x080055cc       0x1c /usr/local/gcc-arm-none-eabi-5_4-2016q3/bin/../lib/gcc/arm-none-eabi/5.4.1/../../../../arm-none-eabi/lib/armv7-m/libc.a(lib_a-wctomb_r.o)
                0x080055cc                __ascii_wctomb
 .text          0x080055e8      0x370 /usr/local/gcc-arm-none-eabi-5_4-2016q3/bin/../lib/gcc/arm-none-eabi/5.4.1/armv7-m/libgcc.a(_arm_addsubdf3.o)
                0x080055e8                __aeabi_drsub
                0x080055f0                __aeabi_dsub
                0x080055f0                __subdf3
                0x080055f4                __adddf3
                0x080055f4                __aeabi_dadd
                0x0800586c                __aeabi_ui2d
                0x0800586c                __floatunsidf
                0x0800588c                __floatsidf
                0x0800588c                __aeabi_i2d
                0x080058b0                __extendsfdf2
                0x080058b0                __aeabi_f2d
                0x080058ec                __aeabi_ul2d
                0x080058ec                __floatundidf
                0x080058fc                __floatdidf
                0x080058fc                __aeabi_l2d
 .text          0x08005958      0x424 /usr/local/gcc-arm-none-eabi-5_4-2016q3/bin/../lib/gcc/arm-none-eabi/5.4.1/armv7-m/libgcc.a(_arm_muldivdf3.o)
                0x08005958                __aeabi_dmul
                0x08005958                __muldf3
                0x08005bac                __aeabi_ddiv
                0x08005bac                __divdf3
 .text          0x08005d7c      0x110 /usr/local/gcc-arm-none-eabi-5_4-2016q3/bin/../lib/gcc/arm-none-eabi/5.4.1/armv7-m/libgcc.a(_arm_cmpdf2.o)
                0x08005d7c                __gtdf2
                0x08005d7c                __gedf2
                0x08005d84                __ltdf2
                0x08005d84                __ledf2
                0x08005d8c                __cmpdf2
                0x08005d8c                __eqdf2
                0x08005d8c                __nedf2
                0x08005e08                __aeabi_cdrcmple
                0x08005e18                __aeabi_cdcmple
                0x08005e18                __aeabi_cdcmpeq
                0x08005e28                __aeabi_dcmpeq
                0x08005e3c                __aeabi_dcmplt
                0x08005e50                __aeabi_dcmple
                0x08005e64                __aeabi_dcmpge
                0x08005e78                __aeabi_dcmpgt
 .text          0x08005e8c       0x2c /usr/local/gcc-arm-none-eabi-5_4-2016q3/bin/../lib/gcc/arm-none-eabi/5.4.1/armv7-m/libgcc.a(_arm_unorddf2.o)
                0x08005e8c                __aeabi_dcmpun
                0x08005e8c                __unorddf2
 .text          0x08005eb8       0x50 /usr/local/gcc-arm-none-eabi-5_4-2016q3/bin/../lib/gcc/arm-none-eabi/5.4.1/armv7-m/libgcc.a(_arm_fixdfsi.o)
                0x08005eb8                __fixdfsi
                0x08005eb8                __aeabi_d2iz
 .text          0x08005f08       0x30 /usr/local/gcc-arm-none-eabi-5_4-2016q3/bin/../lib/gcc/arm-none-eabi/5.4.1/armv7-m/libgcc.a(_aeabi_uldivmod.o)
                0x08005f08                __aeabi_uldivmod
 .text          0x08005f38      0x2ec /usr/local/gcc-arm-none-eabi-5_4-2016q3/bin/../lib/gcc/arm-none-eabi/5.4.1/armv7-m/libgcc.a(_udivmoddi4.o)
                0x08005f38                __udivmoddi4
 .text          0x08006224        0x4 /usr/local/gcc-arm-none-eabi-5_4-2016q3/bin/../lib/gcc/arm-none-eabi/5.4.1/armv7-m/libgcc.a(_dvmd_tls.o)
                0x08006224                __aeabi_ldiv0
                0x08006224                __aeabi_idiv0
 .text._sbrk    0x08006228       0x1c /usr/local/gcc-arm-none-eabi-5_4-2016q3/bin/../lib/gcc/arm-none-eabi/5.4.1/../../../../arm-none-eabi/lib/armv7-m/libnosys.a(sbrk.o)
                0x08006228                _sbrk
                0x08006244                . = ALIGN (0x4)
 *(.rodata*)
 .rodata.data_endp
                0x08006244       0x1e cdcacm.o
 .rodata.config
                0x08006262        0xd cdcacm.o
 *fill*         0x0800626f        0x1 
 .rodata.ifaces
                0x08006270       0x20 cdcacm.o
 .rodata.comm_iface
                0x08006290       0x15 cdcacm.o
 .rodata.str1.1
                0x080062a5       0x86 cdcacm.o
 .rodata.dev    0x0800632b       0x12 cdcacm.o
 .rodata.data_iface
                0x0800633d       0x15 cdcacm.o
 .rodata.comm_endp
                0x08006352        0xf cdcacm.o
 .rodata.cdcacm_functional_descriptors
                0x08006361       0x13 cdcacm.o
 .rodata.CSWTCH.24
                0x08006374       0x28 ../libopencm3/lib/libopencm3_stm32f1.a(usb_standard.o)
 .rodata.CSWTCH.26
                0x0800639c       0x30 ../libopencm3/lib/libopencm3_stm32f1.a(usb_standard.o)
 .rodata.st_usbfs_v1_usb_driver
                0x080063cc       0x34 ../libopencm3/lib/libopencm3_stm32f1.a(st_usbfs_v1.o)
                0x080063cc                st_usbfs_v1_usb_driver
 .rodata        0x08006400        0x8 ../libopencm3/lib/libopencm3_stm32f1.a(st_usbfs_core.o)
 .rodata.zeroes.7256
                0x08006408       0x10 /usr/local/gcc-arm-none-eabi-5_4-2016q3/bin/../lib/gcc/arm-none-eabi/5.4.1/../../../../arm-none-eabi/lib/armv7-m/libc.a(lib_a-svfprintf.o)
 .rodata.str1.4
                0x08006418       0x42 /usr/local/gcc-arm-none-eabi-5_4-2016q3/bin/../lib/gcc/arm-none-eabi/5.4.1/../../../../arm-none-eabi/lib/armv7-m/libc.a(lib_a-svfprintf.o)
 *fill*         0x0800645a        0x2 
 .rodata.blanks.7255
                0x0800645c       0x10 /usr/local/gcc-arm-none-eabi-5_4-2016q3/bin/../lib/gcc/arm-none-eabi/5.4.1/../../../../arm-none-eabi/lib/armv7-m/libc.a(lib_a-svfprintf.o)
 .rodata.str1.4
                0x0800646c       0x10 /usr/local/gcc-arm-none-eabi-5_4-2016q3/bin/../lib/gcc/arm-none-eabi/5.4.1/../../../../arm-none-eabi/lib/armv7-m/libc.a(lib_a-dtoa.o)
                                 0x12 (size before relaxing)
 *fill*         0x0800647c        0x4 
 .rodata.__mprec_tens
                0x08006480       0xc8 /usr/local/gcc-arm-none-eabi-5_4-2016q3/bin/../lib/gcc/arm-none-eabi/5.4.1/../../../../arm-none-eabi/lib/armv7-m/libc.a(lib_a-mprec.o)
                0x08006480                __mprec_tens
 .rodata.p05.6085
                0x08006548        0xc /usr/local/gcc-arm-none-eabi-5_4-2016q3/bin/../lib/gcc/arm-none-eabi/5.4.1/../../../../arm-none-eabi/lib/armv7-m/libc.a(lib_a-mprec.o)
 *fill*         0x08006554        0x4 
 .rodata.__mprec_bigtens
                0x08006558       0x28 /usr/local/gcc-arm-none-eabi-5_4-2016q3/bin/../lib/gcc/arm-none-eabi/5.4.1/../../../../arm-none-eabi/lib/armv7-m/libc.a(lib_a-mprec.o)
                0x08006558                __mprec_bigtens
 .rodata.str1.4
                0x08006580       0x10 /usr/local/gcc-arm-none-eabi-5_4-2016q3/bin/../lib/gcc/arm-none-eabi/5.4.1/../../../../arm-none-eabi/lib/armv7-m/libc.a(lib_a-locale.o)
                                 0x12 (size before relaxing)
 .rodata._ctype_
                0x08006590      0x101 /usr/local/gcc-arm-none-eabi-5_4-2016q3/bin/../lib/gcc/arm-none-eabi/5.4.1/../../../../arm-none-eabi/lib/armv7-m/libc.a(lib_a-ctype_.o)
                0x08006590                _ctype_
                0x08006694                . = ALIGN (0x4)
 *fill*         0x08006691        0x3 

.glue_7         0x08006694        0x0
 .glue_7        0x08006694        0x0 linker stubs

.glue_7t        0x08006694        0x0
 .glue_7t       0x08006694        0x0 linker stubs

.vfp11_veneer   0x08006694        0x0
 .vfp11_veneer  0x08006694        0x0 linker stubs

.v4_bx          0x08006694        0x0
 .v4_bx         0x08006694        0x0 linker stubs

.iplt           0x08006694        0x0
 .iplt          0x08006694        0x0 cdcacm.o

.preinit_array  0x08006694        0x0
                0x08006694                . = ALIGN (0x4)
                0x08006694                __preinit_array_start = .
 *(.preinit_array)
                0x08006694                __preinit_array_end = .

.init_array     0x08006694        0x0
                0x08006694                . = ALIGN (0x4)
                0x08006694                __init_array_start = .
 *(SORT(.init_array.*))
 *(.init_array)
                0x08006694                __init_array_end = .

.fini_array     0x08006694        0x0
                0x08006694                . = ALIGN (0x4)
                0x08006694                __fini_array_start = .
 *(.fini_array)
 *(SORT(.fini_array.*))
                0x08006694                __fini_array_end = .

.ARM.extab
 *(.ARM.extab*)

.ARM.exidx      0x08006694        0x8
                0x08006694                __exidx_start = .
 *(.ARM.exidx*)
 .ARM.exidx     0x08006694        0x8 /usr/local/gcc-arm-none-eabi-5_4-2016q3/bin/../lib/gcc/arm-none-eabi/5.4.1/armv7-m/libgcc.a(_udivmoddi4.o)
                0x0800669c                __exidx_end = .

.rel.dyn        0x0800669c        0x0
 .rel.iplt      0x0800669c        0x0 cdcacm.o
                0x0800669c                . = ALIGN (0x4)
                0x0800669c                _etext = .

.data           0x20000000      0x9c0 load address 0x0800669c
                0x20000000                _data = .
 *(.data*)
 .data.usb_strings
                0x20000000        0xc cdcacm.o
 .data.rcc_ahb_frequency
                0x2000000c        0x4 ../libopencm3/lib/libopencm3_stm32f1.a(rcc.o)
                0x2000000c                rcc_ahb_frequency
 .data.rcc_apb1_frequency
                0x20000010        0x4 ../libopencm3/lib/libopencm3_stm32f1.a(rcc.o)
                0x20000010                rcc_apb1_frequency
 .data.rcc_apb2_frequency
                0x20000014        0x4 ../libopencm3/lib/libopencm3_stm32f1.a(rcc.o)
                0x20000014                rcc_apb2_frequency
 .data.impure_data
                0x20000018      0x428 /usr/local/gcc-arm-none-eabi-5_4-2016q3/bin/../lib/gcc/arm-none-eabi/5.4.1/../../../../arm-none-eabi/lib/armv7-m/libc.a(lib_a-impure.o)
 .data._impure_ptr
                0x20000440        0x4 /usr/local/gcc-arm-none-eabi-5_4-2016q3/bin/../lib/gcc/arm-none-eabi/5.4.1/../../../../arm-none-eabi/lib/armv7-m/libc.a(lib_a-impure.o)
                0x20000440                _impure_ptr
 .data.__malloc_av_
                0x20000444      0x408 /usr/local/gcc-arm-none-eabi-5_4-2016q3/bin/../lib/gcc/arm-none-eabi/5.4.1/../../../../arm-none-eabi/lib/armv7-m/libc.a(lib_a-mallocr.o)
                0x20000444                __malloc_av_
 .data.__malloc_trim_threshold
                0x2000084c        0x4 /usr/local/gcc-arm-none-eabi-5_4-2016q3/bin/../lib/gcc/arm-none-eabi/5.4.1/../../../../arm-none-eabi/lib/armv7-m/libc.a(lib_a-mallocr.o)
                0x2000084c                __malloc_trim_threshold
 .data.__malloc_sbrk_base
                0x20000850        0x4 /usr/local/gcc-arm-none-eabi-5_4-2016q3/bin/../lib/gcc/arm-none-eabi/5.4.1/../../../../arm-none-eabi/lib/armv7-m/libc.a(lib_a-mallocr.o)
                0x20000850                __malloc_sbrk_base
 .data.__global_locale
                0x20000854      0x16c /usr/local/gcc-arm-none-eabi-5_4-2016q3/bin/../lib/gcc/arm-none-eabi/5.4.1/../../../../arm-none-eabi/lib/armv7-m/libc.a(lib_a-locale.o)
                0x20000854                __global_locale
                0x200009c0                . = ALIGN (0x4)
                0x200009c0                _edata = .
                0x0800669c                _data_loadaddr = LOADADDR (.data)

.igot.plt       0x200009c0        0x0 load address 0x0800705c
 .igot.plt      0x200009c0        0x0 cdcacm.o

.bss            0x200009c0      0x4e0 load address 0x0800705c
 *(.bss*)
 .bss.uart1TxBuf
                0x200009c0      0x106 cdcacm.o
                0x200009c0                uart1TxBuf
 *fill*         0x20000ac6        0x2 
 .bss.usbd_dev  0x20000ac8        0x4 cdcacm.o
 .bss.usbd_control_buffer
                0x20000acc       0x80 cdcacm.o
                0x20000acc                usbd_control_buffer
 .bss.uart2TxBuf
                0x20000b4c      0x106 cdcacm.o
                0x20000b4c                uart2TxBuf
 .bss.data.5832
                0x20000c52        0x1 cdcacm.o
 *fill*         0x20000c53        0x1 
 .bss.rxOverflow
                0x20000c54        0x4 cdcacm.o
                0x20000c54                rxOverflow
 .bss.data.5845
                0x20000c58        0x1 cdcacm.o
 *fill*         0x20000c59        0x1 
 .bss.uart1RxBuf
                0x20000c5a      0x106 cdcacm.o
                0x20000c5a                uart1RxBuf
 .bss.st_usbfs_force_nak
                0x20000d60        0x8 ../libopencm3/lib/libopencm3_stm32f1.a(st_usbfs_core.o)
                0x20000d60                st_usbfs_force_nak
 .bss.st_usbfs_dev
                0x20000d68       0xfc ../libopencm3/lib/libopencm3_stm32f1.a(st_usbfs_core.o)
                0x20000d68                st_usbfs_dev
 .bss.__malloc_max_total_mem
                0x20000e64        0x4 /usr/local/gcc-arm-none-eabi-5_4-2016q3/bin/../lib/gcc/arm-none-eabi/5.4.1/../../../../arm-none-eabi/lib/armv7-m/libc.a(lib_a-mallocr.o)
                0x20000e64                __malloc_max_total_mem
 .bss.__malloc_max_sbrked_mem
                0x20000e68        0x4 /usr/local/gcc-arm-none-eabi-5_4-2016q3/bin/../lib/gcc/arm-none-eabi/5.4.1/../../../../arm-none-eabi/lib/armv7-m/libc.a(lib_a-mallocr.o)
                0x20000e68                __malloc_max_sbrked_mem
 .bss.__malloc_top_pad
                0x20000e6c        0x4 /usr/local/gcc-arm-none-eabi-5_4-2016q3/bin/../lib/gcc/arm-none-eabi/5.4.1/../../../../arm-none-eabi/lib/armv7-m/libc.a(lib_a-mallocr.o)
                0x20000e6c                __malloc_top_pad
 .bss.__malloc_current_mallinfo
                0x20000e70       0x28 /usr/local/gcc-arm-none-eabi-5_4-2016q3/bin/../lib/gcc/arm-none-eabi/5.4.1/../../../../arm-none-eabi/lib/armv7-m/libc.a(lib_a-mallocr.o)
                0x20000e70                __malloc_current_mallinfo
 .bss.heap_end.4167
                0x20000e98        0x4 /usr/local/gcc-arm-none-eabi-5_4-2016q3/bin/../lib/gcc/arm-none-eabi/5.4.1/../../../../arm-none-eabi/lib/armv7-m/libnosys.a(sbrk.o)
 *(COMMON)
 COMMON         0x20000e9c        0x4 /usr/local/gcc-arm-none-eabi-5_4-2016q3/bin/../lib/gcc/arm-none-eabi/5.4.1/../../../../arm-none-eabi/lib/armv7-m/libc.a(lib_a-reent.o)
                0x20000e9c                errno
                0x20000ea0                . = ALIGN (0x4)
                0x20000ea0                _ebss = .

/DISCARD/
 *(.eh_frame)
                0x20000ea0                . = ALIGN (0x4)
                0x20000ea0                end = .
                0x20005000                PROVIDE (_stack, (ORIGIN (ram) + LENGTH (ram)))
OUTPUT(cdcacm.elf elf32-littlearm)

.debug_info     0x00000000     0x8a35
 .debug_info    0x00000000     0x14c0 cdcacm.o
 .debug_info    0x000014c0      0x1df ../libopencm3/lib/libopencm3_stm32f1.a(gpio.o)
 .debug_info    0x0000169f     0x116a ../libopencm3/lib/libopencm3_stm32f1.a(rcc.o)
 .debug_info    0x00002809      0x22c ../libopencm3/lib/libopencm3_stm32f1.a(gpio_common_all.o)
 .debug_info    0x00002a35      0x4b2 ../libopencm3/lib/libopencm3_stm32f1.a(usart_common_all.o)
 .debug_info    0x00002ee7      0x17a ../libopencm3/lib/libopencm3_stm32f1.a(usart_common_f124.o)
 .debug_info    0x00003061      0x50a ../libopencm3/lib/libopencm3_stm32f1.a(rcc_common_all.o)
 .debug_info    0x0000356b      0x278 ../libopencm3/lib/libopencm3_stm32f1.a(flash_common_f01.o)
 .debug_info    0x000037e3      0xdb1 ../libopencm3/lib/libopencm3_stm32f1.a(usb.o)
 .debug_info    0x00004594      0xed8 ../libopencm3/lib/libopencm3_stm32f1.a(usb_control.o)
 .debug_info    0x0000546c     0x1449 ../libopencm3/lib/libopencm3_stm32f1.a(usb_standard.o)
 .debug_info    0x000068b5      0xc16 ../libopencm3/lib/libopencm3_stm32f1.a(st_usbfs_v1.o)
 .debug_info    0x000074cb      0x2a8 ../libopencm3/lib/libopencm3_stm32f1.a(vector.o)
 .debug_info    0x00007773      0x255 ../libopencm3/lib/libopencm3_stm32f1.a(systick.o)
 .debug_info    0x000079c8      0x214 ../libopencm3/lib/libopencm3_stm32f1.a(nvic.o)
 .debug_info    0x00007bdc      0xe59 ../libopencm3/lib/libopencm3_stm32f1.a(st_usbfs_core.o)

.debug_abbrev   0x00000000     0x1bb2
 .debug_abbrev  0x00000000      0x3d7 cdcacm.o
 .debug_abbrev  0x000003d7       0xb7 ../libopencm3/lib/libopencm3_stm32f1.a(gpio.o)
 .debug_abbrev  0x0000048e      0x272 ../libopencm3/lib/libopencm3_stm32f1.a(rcc.o)
 .debug_abbrev  0x00000700      0x10e ../libopencm3/lib/libopencm3_stm32f1.a(gpio_common_all.o)
 .debug_abbrev  0x0000080e      0x10f ../libopencm3/lib/libopencm3_stm32f1.a(usart_common_all.o)
 .debug_abbrev  0x0000091d       0x8e ../libopencm3/lib/libopencm3_stm32f1.a(usart_common_f124.o)
 .debug_abbrev  0x000009ab      0x105 ../libopencm3/lib/libopencm3_stm32f1.a(rcc_common_all.o)
 .debug_abbrev  0x00000ab0       0xcd ../libopencm3/lib/libopencm3_stm32f1.a(flash_common_f01.o)
 .debug_abbrev  0x00000b7d      0x1f2 ../libopencm3/lib/libopencm3_stm32f1.a(usb.o)
 .debug_abbrev  0x00000d6f      0x317 ../libopencm3/lib/libopencm3_stm32f1.a(usb_control.o)
 .debug_abbrev  0x00001086      0x3da ../libopencm3/lib/libopencm3_stm32f1.a(usb_standard.o)
 .debug_abbrev  0x00001460      0x1d6 ../libopencm3/lib/libopencm3_stm32f1.a(st_usbfs_v1.o)
 .debug_abbrev  0x00001636      0x146 ../libopencm3/lib/libopencm3_stm32f1.a(vector.o)
 .debug_abbrev  0x0000177c      0x132 ../libopencm3/lib/libopencm3_stm32f1.a(systick.o)
 .debug_abbrev  0x000018ae       0xa6 ../libopencm3/lib/libopencm3_stm32f1.a(nvic.o)
 .debug_abbrev  0x00001954      0x25e ../libopencm3/lib/libopencm3_stm32f1.a(st_usbfs_core.o)

.debug_loc      0x00000000     0x356f
 .debug_loc     0x00000000      0x35f cdcacm.o
 .debug_loc     0x0000035f      0x19f ../libopencm3/lib/libopencm3_stm32f1.a(gpio.o)
 .debug_loc     0x000004fe      0x4ba ../libopencm3/lib/libopencm3_stm32f1.a(rcc.o)
 .debug_loc     0x000009b8       0x97 ../libopencm3/lib/libopencm3_stm32f1.a(gpio_common_all.o)
 .debug_loc     0x00000a4f      0x1ca ../libopencm3/lib/libopencm3_stm32f1.a(usart_common_all.o)
 .debug_loc     0x00000c19       0x63 ../libopencm3/lib/libopencm3_stm32f1.a(usart_common_f124.o)
 .debug_loc     0x00000c7c      0x108 ../libopencm3/lib/libopencm3_stm32f1.a(rcc_common_all.o)
 .debug_loc     0x00000d84       0xd3 ../libopencm3/lib/libopencm3_stm32f1.a(flash_common_f01.o)
 .debug_loc     0x00000e57      0x4b1 ../libopencm3/lib/libopencm3_stm32f1.a(usb.o)
 .debug_loc     0x00001308      0x58d ../libopencm3/lib/libopencm3_stm32f1.a(usb_control.o)
 .debug_loc     0x00001895     0x1148 ../libopencm3/lib/libopencm3_stm32f1.a(usb_standard.o)
 .debug_loc     0x000029dd      0x157 ../libopencm3/lib/libopencm3_stm32f1.a(st_usbfs_v1.o)
 .debug_loc     0x00002b34       0xdf ../libopencm3/lib/libopencm3_stm32f1.a(vector.o)
 .debug_loc     0x00002c13      0x136 ../libopencm3/lib/libopencm3_stm32f1.a(systick.o)
 .debug_loc     0x00002d49      0x129 ../libopencm3/lib/libopencm3_stm32f1.a(nvic.o)
 .debug_loc     0x00002e72      0x6fd ../libopencm3/lib/libopencm3_stm32f1.a(st_usbfs_core.o)

.debug_aranges  0x00000000      0x748
 .debug_aranges
                0x00000000       0x60 cdcacm.o
 .debug_aranges
                0x00000060       0x38 ../libopencm3/lib/libopencm3_stm32f1.a(gpio.o)
 .debug_aranges
                0x00000098      0x168 ../libopencm3/lib/libopencm3_stm32f1.a(rcc.o)
 .debug_aranges
                0x00000200       0x50 ../libopencm3/lib/libopencm3_stm32f1.a(gpio_common_all.o)
 .debug_aranges
                0x00000250       0xb8 ../libopencm3/lib/libopencm3_stm32f1.a(usart_common_all.o)
 .debug_aranges
                0x00000308       0x40 ../libopencm3/lib/libopencm3_stm32f1.a(usart_common_f124.o)
 .debug_aranges
                0x00000348       0x58 ../libopencm3/lib/libopencm3_stm32f1.a(rcc_common_all.o)
 .debug_aranges
                0x000003a0       0x88 ../libopencm3/lib/libopencm3_stm32f1.a(flash_common_f01.o)
 .debug_aranges
                0x00000428       0x88 ../libopencm3/lib/libopencm3_stm32f1.a(usb.o)
 .debug_aranges
                0x000004b0       0x60 ../libopencm3/lib/libopencm3_stm32f1.a(usb_control.o)
 .debug_aranges
                0x00000510       0x98 ../libopencm3/lib/libopencm3_stm32f1.a(usb_standard.o)
 .debug_aranges
                0x000005a8       0x30 ../libopencm3/lib/libopencm3_stm32f1.a(st_usbfs_v1.o)
 .debug_aranges
                0x000005d8       0x30 ../libopencm3/lib/libopencm3_stm32f1.a(vector.o)
 .debug_aranges
                0x00000608       0x78 ../libopencm3/lib/libopencm3_stm32f1.a(systick.o)
 .debug_aranges
                0x00000680       0x60 ../libopencm3/lib/libopencm3_stm32f1.a(nvic.o)
 .debug_aranges
                0x000006e0       0x68 ../libopencm3/lib/libopencm3_stm32f1.a(st_usbfs_core.o)

.debug_ranges   0x00000000      0x7c0
 .debug_ranges  0x00000000       0x98 cdcacm.o
 .debug_ranges  0x00000098       0x28 ../libopencm3/lib/libopencm3_stm32f1.a(gpio.o)
 .debug_ranges  0x000000c0      0x1b8 ../libopencm3/lib/libopencm3_stm32f1.a(rcc.o)
 .debug_ranges  0x00000278       0x40 ../libopencm3/lib/libopencm3_stm32f1.a(gpio_common_all.o)
 .debug_ranges  0x000002b8       0xa8 ../libopencm3/lib/libopencm3_stm32f1.a(usart_common_all.o)
 .debug_ranges  0x00000360       0x30 ../libopencm3/lib/libopencm3_stm32f1.a(usart_common_f124.o)
 .debug_ranges  0x00000390       0x48 ../libopencm3/lib/libopencm3_stm32f1.a(rcc_common_all.o)
 .debug_ranges  0x000003d8       0x78 ../libopencm3/lib/libopencm3_stm32f1.a(flash_common_f01.o)
 .debug_ranges  0x00000450       0x78 ../libopencm3/lib/libopencm3_stm32f1.a(usb.o)
 .debug_ranges  0x000004c8       0x68 ../libopencm3/lib/libopencm3_stm32f1.a(usb_control.o)
 .debug_ranges  0x00000530       0xf0 ../libopencm3/lib/libopencm3_stm32f1.a(usb_standard.o)
 .debug_ranges  0x00000620       0x20 ../libopencm3/lib/libopencm3_stm32f1.a(st_usbfs_v1.o)
 .debug_ranges  0x00000640       0x20 ../libopencm3/lib/libopencm3_stm32f1.a(vector.o)
 .debug_ranges  0x00000660       0x68 ../libopencm3/lib/libopencm3_stm32f1.a(systick.o)
 .debug_ranges  0x000006c8       0x50 ../libopencm3/lib/libopencm3_stm32f1.a(nvic.o)
 .debug_ranges  0x00000718       0xa8 ../libopencm3/lib/libopencm3_stm32f1.a(st_usbfs_core.o)

.debug_line     0x00000000     0x3e9b
 .debug_line    0x00000000      0x3d9 cdcacm.o
 .debug_line    0x000003d9      0x302 ../libopencm3/lib/libopencm3_stm32f1.a(gpio.o)
 .debug_line    0x000006db      0x6b0 ../libopencm3/lib/libopencm3_stm32f1.a(rcc.o)
 .debug_line    0x00000d8b      0x336 ../libopencm3/lib/libopencm3_stm32f1.a(gpio_common_all.o)
 .debug_line    0x000010c1      0x46c ../libopencm3/lib/libopencm3_stm32f1.a(usart_common_all.o)
 .debug_line    0x0000152d      0x357 ../libopencm3/lib/libopencm3_stm32f1.a(usart_common_f124.o)
 .debug_line    0x00001884      0x33b ../libopencm3/lib/libopencm3_stm32f1.a(rcc_common_all.o)
 .debug_line    0x00001bbf      0x3c1 ../libopencm3/lib/libopencm3_stm32f1.a(flash_common_f01.o)
 .debug_line    0x00001f80      0x3d4 ../libopencm3/lib/libopencm3_stm32f1.a(usb.o)
 .debug_line    0x00002354      0x40d ../libopencm3/lib/libopencm3_stm32f1.a(usb_control.o)
 .debug_line    0x00002761      0x54d ../libopencm3/lib/libopencm3_stm32f1.a(usb_standard.o)
 .debug_line    0x00002cae      0x3dd ../libopencm3/lib/libopencm3_stm32f1.a(st_usbfs_v1.o)
 .debug_line    0x0000308b      0x348 ../libopencm3/lib/libopencm3_stm32f1.a(vector.o)
 .debug_line    0x000033d3      0x2e6 ../libopencm3/lib/libopencm3_stm32f1.a(systick.o)
 .debug_line    0x000036b9      0x306 ../libopencm3/lib/libopencm3_stm32f1.a(nvic.o)
 .debug_line    0x000039bf      0x4dc ../libopencm3/lib/libopencm3_stm32f1.a(st_usbfs_core.o)

.debug_str      0x00000000    0x14d76
 .debug_str     0x00000000      0xb67 cdcacm.o
                                0xc61 (size before relaxing)
 .debug_str     0x00000b67     0x7a97 ../libopencm3/lib/libopencm3_stm32f1.a(gpio.o)
                               0x7c5c (size before relaxing)
 .debug_str     0x000085fe     0x30b4 ../libopencm3/lib/libopencm3_stm32f1.a(rcc.o)
                               0x7527 (size before relaxing)
 .debug_str     0x0000b6b2       0x5a ../libopencm3/lib/libopencm3_stm32f1.a(gpio_common_all.o)
                               0x7c50 (size before relaxing)
 .debug_str     0x0000b70c      0xff9 ../libopencm3/lib/libopencm3_stm32f1.a(usart_common_all.o)
                               0x794e (size before relaxing)
 .debug_str     0x0000c705       0x2d ../libopencm3/lib/libopencm3_stm32f1.a(usart_common_f124.o)
                               0x7762 (size before relaxing)
 .debug_str     0x0000c732      0x2f5 ../libopencm3/lib/libopencm3_stm32f1.a(rcc_common_all.o)
                               0x6d9d (size before relaxing)
 .debug_str     0x0000ca27      0x179 ../libopencm3/lib/libopencm3_stm32f1.a(flash_common_f01.o)
                               0x4d03 (size before relaxing)
 .debug_str     0x0000cba0     0x34ab ../libopencm3/lib/libopencm3_stm32f1.a(usb.o)
                               0x70ff (size before relaxing)
 .debug_str     0x0001004b      0x241 ../libopencm3/lib/libopencm3_stm32f1.a(usb_control.o)
                               0x71bf (size before relaxing)
 .debug_str     0x0001028c      0x299 ../libopencm3/lib/libopencm3_stm32f1.a(usb_standard.o)
                               0x7296 (size before relaxing)
 .debug_str     0x00010525     0x1581 ../libopencm3/lib/libopencm3_stm32f1.a(st_usbfs_v1.o)
                               0x8e6f (size before relaxing)
 .debug_str     0x00011aa6     0x24ed ../libopencm3/lib/libopencm3_stm32f1.a(vector.o)
                               0x5dae (size before relaxing)
 .debug_str     0x00013f93      0x303 ../libopencm3/lib/libopencm3_stm32f1.a(systick.o)
                               0x3c1c (size before relaxing)
 .debug_str     0x00014296      0x9bd ../libopencm3/lib/libopencm3_stm32f1.a(nvic.o)
                               0x4ab9 (size before relaxing)
 .debug_str     0x00014c53      0x123 ../libopencm3/lib/libopencm3_stm32f1.a(st_usbfs_core.o)
                               0x8d7e (size before relaxing)

.comment        0x00000000       0x6e
 .comment       0x00000000       0x6e cdcacm.o
                                 0x6f (size before relaxing)
 .comment       0x0000006e       0x6f ../libopencm3/lib/libopencm3_stm32f1.a(gpio.o)
 .comment       0x0000006e       0x6f ../libopencm3/lib/libopencm3_stm32f1.a(rcc.o)
 .comment       0x0000006e       0x6f ../libopencm3/lib/libopencm3_stm32f1.a(gpio_common_all.o)
 .comment       0x0000006e       0x6f ../libopencm3/lib/libopencm3_stm32f1.a(usart_common_all.o)
 .comment       0x0000006e       0x6f ../libopencm3/lib/libopencm3_stm32f1.a(usart_common_f124.o)
 .comment       0x0000006e       0x6f ../libopencm3/lib/libopencm3_stm32f1.a(rcc_common_all.o)
 .comment       0x0000006e       0x6f ../libopencm3/lib/libopencm3_stm32f1.a(flash_common_f01.o)
 .comment       0x0000006e       0x6f ../libopencm3/lib/libopencm3_stm32f1.a(usb.o)
 .comment       0x0000006e       0x6f ../libopencm3/lib/libopencm3_stm32f1.a(usb_control.o)
 .comment       0x0000006e       0x6f ../libopencm3/lib/libopencm3_stm32f1.a(usb_standard.o)
 .comment       0x0000006e       0x6f ../libopencm3/lib/libopencm3_stm32f1.a(st_usbfs_v1.o)
 .comment       0x0000006e       0x6f ../libopencm3/lib/libopencm3_stm32f1.a(vector.o)
 .comment       0x0000006e       0x6f ../libopencm3/lib/libopencm3_stm32f1.a(systick.o)
 .comment       0x0000006e       0x6f ../libopencm3/lib/libopencm3_stm32f1.a(nvic.o)
 .comment       0x0000006e       0x6f ../libopencm3/lib/libopencm3_stm32f1.a(st_usbfs_core.o)

.ARM.attributes
                0x00000000       0x31
 .ARM.attributes
                0x00000000       0x33 cdcacm.o
 .ARM.attributes
                0x00000033       0x33 ../libopencm3/lib/libopencm3_stm32f1.a(gpio.o)
 .ARM.attributes
                0x00000066       0x33 ../libopencm3/lib/libopencm3_stm32f1.a(rcc.o)
 .ARM.attributes
                0x00000099       0x33 ../libopencm3/lib/libopencm3_stm32f1.a(gpio_common_all.o)
 .ARM.attributes
                0x000000cc       0x33 ../libopencm3/lib/libopencm3_stm32f1.a(usart_common_all.o)
 .ARM.attributes
                0x000000ff       0x33 ../libopencm3/lib/libopencm3_stm32f1.a(usart_common_f124.o)
 .ARM.attributes
                0x00000132       0x33 ../libopencm3/lib/libopencm3_stm32f1.a(rcc_common_all.o)
 .ARM.attributes
                0x00000165       0x33 ../libopencm3/lib/libopencm3_stm32f1.a(flash_common_f01.o)
 .ARM.attributes
                0x00000198       0x33 ../libopencm3/lib/libopencm3_stm32f1.a(usb.o)
 .ARM.attributes
                0x000001cb       0x33 ../libopencm3/lib/libopencm3_stm32f1.a(usb_control.o)
 .ARM.attributes
                0x000001fe       0x33 ../libopencm3/lib/libopencm3_stm32f1.a(usb_standard.o)
 .ARM.attributes
                0x00000231       0x33 ../libopencm3/lib/libopencm3_stm32f1.a(st_usbfs_v1.o)
 .ARM.attributes
                0x00000264       0x33 ../libopencm3/lib/libopencm3_stm32f1.a(vector.o)
 .ARM.attributes
                0x00000297       0x33 ../libopencm3/lib/libopencm3_stm32f1.a(systick.o)
 .ARM.attributes
                0x000002ca       0x33 ../libopencm3/lib/libopencm3_stm32f1.a(nvic.o)
 .ARM.attributes
                0x000002fd       0x33 ../libopencm3/lib/libopencm3_stm32f1.a(st_usbfs_core.o)
 .ARM.attributes
                0x00000330       0x1b /usr/local/gcc-arm-none-eabi-5_4-2016q3/bin/../lib/gcc/arm-none-eabi/5.4.1/../../../../arm-none-eabi/lib/armv7-m/libc.a(lib_a-memcpy.o)
 .ARM.attributes
                0x0000034b       0x2d /usr/local/gcc-arm-none-eabi-5_4-2016q3/bin/../lib/gcc/arm-none-eabi/5.4.1/../../../../arm-none-eabi/lib/armv7-m/libc.a(lib_a-sprintf.o)
 .ARM.attributes
                0x00000378       0x2d /usr/local/gcc-arm-none-eabi-5_4-2016q3/bin/../lib/gcc/arm-none-eabi/5.4.1/../../../../arm-none-eabi/lib/armv7-m/libc.a(lib_a-strlen-stub.o)
 .ARM.attributes
                0x000003a5       0x2d /usr/local/gcc-arm-none-eabi-5_4-2016q3/bin/../lib/gcc/arm-none-eabi/5.4.1/../../../../arm-none-eabi/lib/armv7-m/libc.a(lib_a-svfprintf.o)
 .ARM.attributes
                0x000003d2       0x2d /usr/local/gcc-arm-none-eabi-5_4-2016q3/bin/../lib/gcc/arm-none-eabi/5.4.1/../../../../arm-none-eabi/lib/armv7-m/libc.a(lib_a-dtoa.o)
 .ARM.attributes
                0x000003ff       0x2d /usr/local/gcc-arm-none-eabi-5_4-2016q3/bin/../lib/gcc/arm-none-eabi/5.4.1/../../../../arm-none-eabi/lib/armv7-m/libc.a(lib_a-impure.o)
 .ARM.attributes
                0x0000042c       0x2d /usr/local/gcc-arm-none-eabi-5_4-2016q3/bin/../lib/gcc/arm-none-eabi/5.4.1/../../../../arm-none-eabi/lib/armv7-m/libc.a(lib_a-localeconv.o)
 .ARM.attributes
                0x00000459       0x2d /usr/local/gcc-arm-none-eabi-5_4-2016q3/bin/../lib/gcc/arm-none-eabi/5.4.1/../../../../arm-none-eabi/lib/armv7-m/libc.a(lib_a-mallocr.o)
 .ARM.attributes
                0x00000486       0x2d /usr/local/gcc-arm-none-eabi-5_4-2016q3/bin/../lib/gcc/arm-none-eabi/5.4.1/../../../../arm-none-eabi/lib/armv7-m/libc.a(lib_a-memchr-stub.o)
 .ARM.attributes
                0x000004b3       0x2d /usr/local/gcc-arm-none-eabi-5_4-2016q3/bin/../lib/gcc/arm-none-eabi/5.4.1/../../../../arm-none-eabi/lib/armv7-m/libc.a(lib_a-mlock.o)
 .ARM.attributes
                0x000004e0       0x2d /usr/local/gcc-arm-none-eabi-5_4-2016q3/bin/../lib/gcc/arm-none-eabi/5.4.1/../../../../arm-none-eabi/lib/armv7-m/libc.a(lib_a-mprec.o)
 .ARM.attributes
                0x0000050d       0x2d /usr/local/gcc-arm-none-eabi-5_4-2016q3/bin/../lib/gcc/arm-none-eabi/5.4.1/../../../../arm-none-eabi/lib/armv7-m/libc.a(lib_a-sbrkr.o)
 .ARM.attributes
                0x0000053a       0x2d /usr/local/gcc-arm-none-eabi-5_4-2016q3/bin/../lib/gcc/arm-none-eabi/5.4.1/../../../../arm-none-eabi/lib/armv7-m/libc.a(lib_a-svfiprintf.o)
 .ARM.attributes
                0x00000567       0x2d /usr/local/gcc-arm-none-eabi-5_4-2016q3/bin/../lib/gcc/arm-none-eabi/5.4.1/../../../../arm-none-eabi/lib/armv7-m/libc.a(lib_a-callocr.o)
 .ARM.attributes
                0x00000594       0x2d /usr/local/gcc-arm-none-eabi-5_4-2016q3/bin/../lib/gcc/arm-none-eabi/5.4.1/../../../../arm-none-eabi/lib/armv7-m/libc.a(lib_a-freer.o)
 .ARM.attributes
                0x000005c1       0x2d /usr/local/gcc-arm-none-eabi-5_4-2016q3/bin/../lib/gcc/arm-none-eabi/5.4.1/../../../../arm-none-eabi/lib/armv7-m/libc.a(lib_a-locale.o)
 .ARM.attributes
                0x000005ee       0x2d /usr/local/gcc-arm-none-eabi-5_4-2016q3/bin/../lib/gcc/arm-none-eabi/5.4.1/../../../../arm-none-eabi/lib/armv7-m/libc.a(lib_a-mbtowc_r.o)
 .ARM.attributes
                0x0000061b       0x2d /usr/local/gcc-arm-none-eabi-5_4-2016q3/bin/../lib/gcc/arm-none-eabi/5.4.1/../../../../arm-none-eabi/lib/armv7-m/libc.a(lib_a-memmove.o)
 .ARM.attributes
                0x00000648       0x2d /usr/local/gcc-arm-none-eabi-5_4-2016q3/bin/../lib/gcc/arm-none-eabi/5.4.1/../../../../arm-none-eabi/lib/armv7-m/libc.a(lib_a-memset.o)
 .ARM.attributes
                0x00000675       0x2d /usr/local/gcc-arm-none-eabi-5_4-2016q3/bin/../lib/gcc/arm-none-eabi/5.4.1/../../../../arm-none-eabi/lib/armv7-m/libc.a(lib_a-reallocr.o)
 .ARM.attributes
                0x000006a2       0x2d /usr/local/gcc-arm-none-eabi-5_4-2016q3/bin/../lib/gcc/arm-none-eabi/5.4.1/../../../../arm-none-eabi/lib/armv7-m/libc.a(lib_a-reent.o)
 .ARM.attributes
                0x000006cf       0x2d /usr/local/gcc-arm-none-eabi-5_4-2016q3/bin/../lib/gcc/arm-none-eabi/5.4.1/../../../../arm-none-eabi/lib/armv7-m/libc.a(lib_a-wctomb_r.o)
 .ARM.attributes
                0x000006fc       0x2d /usr/local/gcc-arm-none-eabi-5_4-2016q3/bin/../lib/gcc/arm-none-eabi/5.4.1/../../../../arm-none-eabi/lib/armv7-m/libc.a(lib_a-ctype_.o)
 .ARM.attributes
                0x00000729       0x1d /usr/local/gcc-arm-none-eabi-5_4-2016q3/bin/../lib/gcc/arm-none-eabi/5.4.1/armv7-m/libgcc.a(_arm_addsubdf3.o)
 .ARM.attributes
                0x00000746       0x1d /usr/local/gcc-arm-none-eabi-5_4-2016q3/bin/../lib/gcc/arm-none-eabi/5.4.1/armv7-m/libgcc.a(_arm_muldivdf3.o)
 .ARM.attributes
                0x00000763       0x1d /usr/local/gcc-arm-none-eabi-5_4-2016q3/bin/../lib/gcc/arm-none-eabi/5.4.1/armv7-m/libgcc.a(_arm_cmpdf2.o)
 .ARM.attributes
                0x00000780       0x1d /usr/local/gcc-arm-none-eabi-5_4-2016q3/bin/../lib/gcc/arm-none-eabi/5.4.1/armv7-m/libgcc.a(_arm_unorddf2.o)
 .ARM.attributes
                0x0000079d       0x1d /usr/local/gcc-arm-none-eabi-5_4-2016q3/bin/../lib/gcc/arm-none-eabi/5.4.1/armv7-m/libgcc.a(_arm_fixdfsi.o)
 .ARM.attributes
                0x000007ba       0x1d /usr/local/gcc-arm-none-eabi-5_4-2016q3/bin/../lib/gcc/arm-none-eabi/5.4.1/armv7-m/libgcc.a(_aeabi_uldivmod.o)
 .ARM.attributes
                0x000007d7       0x2d /usr/local/gcc-arm-none-eabi-5_4-2016q3/bin/../lib/gcc/arm-none-eabi/5.4.1/armv7-m/libgcc.a(_udivmoddi4.o)
 .ARM.attributes
                0x00000804       0x1d /usr/local/gcc-arm-none-eabi-5_4-2016q3/bin/../lib/gcc/arm-none-eabi/5.4.1/armv7-m/libgcc.a(_dvmd_tls.o)
 .ARM.attributes
                0x00000821       0x2d /usr/local/gcc-arm-none-eabi-5_4-2016q3/bin/../lib/gcc/arm-none-eabi/5.4.1/../../../../arm-none-eabi/lib/armv7-m/libnosys.a(sbrk.o)

.debug_frame    0x00000000     0x18e0
 .debug_frame   0x00000000      0x114 cdcacm.o
 .debug_frame   0x00000114       0x64 ../libopencm3/lib/libopencm3_stm32f1.a(gpio.o)
 .debug_frame   0x00000178      0x300 ../libopencm3/lib/libopencm3_stm32f1.a(rcc.o)
 .debug_frame   0x00000478       0x80 ../libopencm3/lib/libopencm3_stm32f1.a(gpio_common_all.o)
 .debug_frame   0x000004f8      0x170 ../libopencm3/lib/libopencm3_stm32f1.a(usart_common_all.o)
 .debug_frame   0x00000668       0x60 ../libopencm3/lib/libopencm3_stm32f1.a(usart_common_f124.o)
 .debug_frame   0x000006c8       0xb0 ../libopencm3/lib/libopencm3_stm32f1.a(rcc_common_all.o)
 .debug_frame   0x00000778      0x120 ../libopencm3/lib/libopencm3_stm32f1.a(flash_common_f01.o)
 .debug_frame   0x00000898      0x13c ../libopencm3/lib/libopencm3_stm32f1.a(usb.o)
 .debug_frame   0x000009d4      0x154 ../libopencm3/lib/libopencm3_stm32f1.a(usb_control.o)
 .debug_frame   0x00000b28      0x1ec ../libopencm3/lib/libopencm3_stm32f1.a(usb_standard.o)
 .debug_frame   0x00000d14       0x58 ../libopencm3/lib/libopencm3_stm32f1.a(st_usbfs_v1.o)
 .debug_frame   0x00000d6c       0x40 ../libopencm3/lib/libopencm3_stm32f1.a(vector.o)
 .debug_frame   0x00000dac       0xd8 ../libopencm3/lib/libopencm3_stm32f1.a(systick.o)
 .debug_frame   0x00000e84       0xa0 ../libopencm3/lib/libopencm3_stm32f1.a(nvic.o)
 .debug_frame   0x00000f24      0x110 ../libopencm3/lib/libopencm3_stm32f1.a(st_usbfs_core.o)
 .debug_frame   0x00001034       0x84 /usr/local/gcc-arm-none-eabi-5_4-2016q3/bin/../lib/gcc/arm-none-eabi/5.4.1/../../../../arm-none-eabi/lib/armv7-m/libc.a(lib_a-sprintf.o)
 .debug_frame   0x000010b8       0x20 /usr/local/gcc-arm-none-eabi-5_4-2016q3/bin/../lib/gcc/arm-none-eabi/5.4.1/../../../../arm-none-eabi/lib/armv7-m/libc.a(lib_a-strlen-stub.o)
 .debug_frame   0x000010d8       0x44 /usr/local/gcc-arm-none-eabi-5_4-2016q3/bin/../lib/gcc/arm-none-eabi/5.4.1/../../../../arm-none-eabi/lib/armv7-m/libc.a(lib_a-svfprintf.o)
 .debug_frame   0x0000111c       0x84 /usr/local/gcc-arm-none-eabi-5_4-2016q3/bin/../lib/gcc/arm-none-eabi/5.4.1/../../../../arm-none-eabi/lib/armv7-m/libc.a(lib_a-dtoa.o)
 .debug_frame   0x000011a0       0x40 /usr/local/gcc-arm-none-eabi-5_4-2016q3/bin/../lib/gcc/arm-none-eabi/5.4.1/../../../../arm-none-eabi/lib/armv7-m/libc.a(lib_a-localeconv.o)
 .debug_frame   0x000011e0       0x54 /usr/local/gcc-arm-none-eabi-5_4-2016q3/bin/../lib/gcc/arm-none-eabi/5.4.1/../../../../arm-none-eabi/lib/armv7-m/libc.a(lib_a-mallocr.o)
 .debug_frame   0x00001234       0x34 /usr/local/gcc-arm-none-eabi-5_4-2016q3/bin/../lib/gcc/arm-none-eabi/5.4.1/../../../../arm-none-eabi/lib/armv7-m/libc.a(lib_a-memchr-stub.o)
 .debug_frame   0x00001268       0x30 /usr/local/gcc-arm-none-eabi-5_4-2016q3/bin/../lib/gcc/arm-none-eabi/5.4.1/../../../../arm-none-eabi/lib/armv7-m/libc.a(lib_a-mlock.o)
 .debug_frame   0x00001298      0x264 /usr/local/gcc-arm-none-eabi-5_4-2016q3/bin/../lib/gcc/arm-none-eabi/5.4.1/../../../../arm-none-eabi/lib/armv7-m/libc.a(lib_a-mprec.o)
 .debug_frame   0x000014fc       0x2c /usr/local/gcc-arm-none-eabi-5_4-2016q3/bin/../lib/gcc/arm-none-eabi/5.4.1/../../../../arm-none-eabi/lib/armv7-m/libc.a(lib_a-sbrkr.o)
 .debug_frame   0x00001528       0x78 /usr/local/gcc-arm-none-eabi-5_4-2016q3/bin/../lib/gcc/arm-none-eabi/5.4.1/../../../../arm-none-eabi/lib/armv7-m/libc.a(lib_a-svfiprintf.o)
 .debug_frame   0x000015a0       0x28 /usr/local/gcc-arm-none-eabi-5_4-2016q3/bin/../lib/gcc/arm-none-eabi/5.4.1/../../../../arm-none-eabi/lib/armv7-m/libc.a(lib_a-callocr.o)
 .debug_frame   0x000015c8       0x74 /usr/local/gcc-arm-none-eabi-5_4-2016q3/bin/../lib/gcc/arm-none-eabi/5.4.1/../../../../arm-none-eabi/lib/armv7-m/libc.a(lib_a-freer.o)
 .debug_frame   0x0000163c       0x84 /usr/local/gcc-arm-none-eabi-5_4-2016q3/bin/../lib/gcc/arm-none-eabi/5.4.1/../../../../arm-none-eabi/lib/armv7-m/libc.a(lib_a-locale.o)
 .debug_frame   0x000016c0       0x4c /usr/local/gcc-arm-none-eabi-5_4-2016q3/bin/../lib/gcc/arm-none-eabi/5.4.1/../../../../arm-none-eabi/lib/armv7-m/libc.a(lib_a-mbtowc_r.o)
 .debug_frame   0x0000170c       0x30 /usr/local/gcc-arm-none-eabi-5_4-2016q3/bin/../lib/gcc/arm-none-eabi/5.4.1/../../../../arm-none-eabi/lib/armv7-m/libc.a(lib_a-memmove.o)
 .debug_frame   0x0000173c       0x34 /usr/local/gcc-arm-none-eabi-5_4-2016q3/bin/../lib/gcc/arm-none-eabi/5.4.1/../../../../arm-none-eabi/lib/armv7-m/libc.a(lib_a-memset.o)
 .debug_frame   0x00001770       0x58 /usr/local/gcc-arm-none-eabi-5_4-2016q3/bin/../lib/gcc/arm-none-eabi/5.4.1/../../../../arm-none-eabi/lib/armv7-m/libc.a(lib_a-reallocr.o)
 .debug_frame   0x000017c8       0x58 /usr/local/gcc-arm-none-eabi-5_4-2016q3/bin/../lib/gcc/arm-none-eabi/5.4.1/../../../../arm-none-eabi/lib/armv7-m/libc.a(lib_a-reent.o)
 .debug_frame   0x00001820       0x3c /usr/local/gcc-arm-none-eabi-5_4-2016q3/bin/../lib/gcc/arm-none-eabi/5.4.1/../../../../arm-none-eabi/lib/armv7-m/libc.a(lib_a-wctomb_r.o)
 .debug_frame   0x0000185c       0x2c /usr/local/gcc-arm-none-eabi-5_4-2016q3/bin/../lib/gcc/arm-none-eabi/5.4.1/armv7-m/libgcc.a(_aeabi_uldivmod.o)
 .debug_frame   0x00001888       0x38 /usr/local/gcc-arm-none-eabi-5_4-2016q3/bin/../lib/gcc/arm-none-eabi/5.4.1/armv7-m/libgcc.a(_udivmoddi4.o)
 .debug_frame   0x000018c0       0x20 /usr/local/gcc-arm-none-eabi-5_4-2016q3/bin/../lib/gcc/arm-none-eabi/5.4.1/../../../../arm-none-eabi/lib/armv7-m/libnosys.a(sbrk.o)

.debug_macro    0x00000000     0x523b
 .debug_macro   0x00000000       0xb9 ../libopencm3/lib/libopencm3_stm32f1.a(gpio.o)
 .debug_macro   0x000000b9      0x874 ../libopencm3/lib/libopencm3_stm32f1.a(gpio.o)
 .debug_macro   0x0000092d       0x22 ../libopencm3/lib/libopencm3_stm32f1.a(gpio.o)
 .debug_macro   0x0000094f       0x87 ../libopencm3/lib/libopencm3_stm32f1.a(gpio.o)
 .debug_macro   0x000009d6       0x44 ../libopencm3/lib/libopencm3_stm32f1.a(gpio.o)
 .debug_macro   0x00000a1a       0xfd ../libopencm3/lib/libopencm3_stm32f1.a(gpio.o)
 .debug_macro   0x00000b17       0x5e ../libopencm3/lib/libopencm3_stm32f1.a(gpio.o)
 .debug_macro   0x00000b75      0x1df ../libopencm3/lib/libopencm3_stm32f1.a(gpio.o)
 .debug_macro   0x00000d54       0x22 ../libopencm3/lib/libopencm3_stm32f1.a(gpio.o)
 .debug_macro   0x00000d76       0xfa ../libopencm3/lib/libopencm3_stm32f1.a(gpio.o)
 .debug_macro   0x00000e70       0x58 ../libopencm3/lib/libopencm3_stm32f1.a(gpio.o)
 .debug_macro   0x00000ec8      0x1b4 ../libopencm3/lib/libopencm3_stm32f1.a(gpio.o)
 .debug_macro   0x0000107c       0x76 ../libopencm3/lib/libopencm3_stm32f1.a(gpio.o)
 .debug_macro   0x000010f2      0xdfd ../libopencm3/lib/libopencm3_stm32f1.a(gpio.o)
 .debug_macro   0x00001eef       0xe0 ../libopencm3/lib/libopencm3_stm32f1.a(rcc.o)
 .debug_macro   0x00001fcf       0x16 ../libopencm3/lib/libopencm3_stm32f1.a(rcc.o)
 .debug_macro   0x00001fe5      0x82c ../libopencm3/lib/libopencm3_stm32f1.a(rcc.o)
 .debug_macro   0x00002811       0xdc ../libopencm3/lib/libopencm3_stm32f1.a(rcc.o)
 .debug_macro   0x000028ed       0x82 ../libopencm3/lib/libopencm3_stm32f1.a(rcc.o)
 .debug_macro   0x0000296f       0xb9 ../libopencm3/lib/libopencm3_stm32f1.a(gpio_common_all.o)
 .debug_macro   0x00002a28       0xdb ../libopencm3/lib/libopencm3_stm32f1.a(usart_common_all.o)
 .debug_macro   0x00002b03       0x8e ../libopencm3/lib/libopencm3_stm32f1.a(usart_common_all.o)
 .debug_macro   0x00002b91      0x273 ../libopencm3/lib/libopencm3_stm32f1.a(usart_common_all.o)
 .debug_macro   0x00002e04       0xdb ../libopencm3/lib/libopencm3_stm32f1.a(usart_common_f124.o)
 .debug_macro   0x00002edf       0xcf ../libopencm3/lib/libopencm3_stm32f1.a(rcc_common_all.o)
 .debug_macro   0x00002fae       0xb9 ../libopencm3/lib/libopencm3_stm32f1.a(flash_common_f01.o)
 .debug_macro   0x00003067      0x154 ../libopencm3/lib/libopencm3_stm32f1.a(usb.o)
 .debug_macro   0x000031bb       0x4c ../libopencm3/lib/libopencm3_stm32f1.a(usb.o)
 .debug_macro   0x00003207       0x8d ../libopencm3/lib/libopencm3_stm32f1.a(usb.o)
 .debug_macro   0x00003294       0x35 ../libopencm3/lib/libopencm3_stm32f1.a(usb.o)
 .debug_macro   0x000032c9       0x9c ../libopencm3/lib/libopencm3_stm32f1.a(usb.o)
 .debug_macro   0x00003365      0x174 ../libopencm3/lib/libopencm3_stm32f1.a(usb.o)
 .debug_macro   0x000034d9       0x4a ../libopencm3/lib/libopencm3_stm32f1.a(usb.o)
 .debug_macro   0x00003523       0x52 ../libopencm3/lib/libopencm3_stm32f1.a(usb.o)
 .debug_macro   0x00003575       0x1f ../libopencm3/lib/libopencm3_stm32f1.a(usb.o)
 .debug_macro   0x00003594       0x43 ../libopencm3/lib/libopencm3_stm32f1.a(usb.o)
 .debug_macro   0x000035d7       0x20 ../libopencm3/lib/libopencm3_stm32f1.a(usb.o)
 .debug_macro   0x000035f7      0x187 ../libopencm3/lib/libopencm3_stm32f1.a(usb.o)
 .debug_macro   0x0000377e      0x30d ../libopencm3/lib/libopencm3_stm32f1.a(usb.o)
 .debug_macro   0x00003a8b       0x10 ../libopencm3/lib/libopencm3_stm32f1.a(usb.o)
 .debug_macro   0x00003a9b       0x35 ../libopencm3/lib/libopencm3_stm32f1.a(usb.o)
 .debug_macro   0x00003ad0      0x196 ../libopencm3/lib/libopencm3_stm32f1.a(usb.o)
 .debug_macro   0x00003c66       0x10 ../libopencm3/lib/libopencm3_stm32f1.a(usb.o)
 .debug_macro   0x00003c76       0x1c ../libopencm3/lib/libopencm3_stm32f1.a(usb.o)
 .debug_macro   0x00003c92      0x161 ../libopencm3/lib/libopencm3_stm32f1.a(usb_control.o)
 .debug_macro   0x00003df3       0x16 ../libopencm3/lib/libopencm3_stm32f1.a(usb_control.o)
 .debug_macro   0x00003e09      0x10e ../libopencm3/lib/libopencm3_stm32f1.a(usb_control.o)
 .debug_macro   0x00003f17       0x8d ../libopencm3/lib/libopencm3_stm32f1.a(usb_control.o)
 .debug_macro   0x00003fa4       0x16 ../libopencm3/lib/libopencm3_stm32f1.a(usb_control.o)
 .debug_macro   0x00003fba       0x29 ../libopencm3/lib/libopencm3_stm32f1.a(usb_control.o)
 .debug_macro   0x00003fe3      0x154 ../libopencm3/lib/libopencm3_stm32f1.a(usb_standard.o)
 .debug_macro   0x00004137      0x10e ../libopencm3/lib/libopencm3_stm32f1.a(st_usbfs_v1.o)
 .debug_macro   0x00004245       0x3a ../libopencm3/lib/libopencm3_stm32f1.a(st_usbfs_v1.o)
 .debug_macro   0x0000427f      0x29e ../libopencm3/lib/libopencm3_stm32f1.a(st_usbfs_v1.o)
 .debug_macro   0x0000451d       0x28 ../libopencm3/lib/libopencm3_stm32f1.a(st_usbfs_v1.o)
 .debug_macro   0x00004545      0x19c ../libopencm3/lib/libopencm3_stm32f1.a(st_usbfs_v1.o)
 .debug_macro   0x000046e1       0x10 ../libopencm3/lib/libopencm3_stm32f1.a(st_usbfs_v1.o)
 .debug_macro   0x000046f1       0xd0 ../libopencm3/lib/libopencm3_stm32f1.a(vector.o)
 .debug_macro   0x000047c1      0x3a1 ../libopencm3/lib/libopencm3_stm32f1.a(vector.o)
 .debug_macro   0x00004b62       0x6a ../libopencm3/lib/libopencm3_stm32f1.a(vector.o)
 .debug_macro   0x00004bcc      0x1a2 ../libopencm3/lib/libopencm3_stm32f1.a(vector.o)
 .debug_macro   0x00004d6e       0x93 ../libopencm3/lib/libopencm3_stm32f1.a(systick.o)
 .debug_macro   0x00004e01       0x64 ../libopencm3/lib/libopencm3_stm32f1.a(systick.o)
 .debug_macro   0x00004e65       0xb4 ../libopencm3/lib/libopencm3_stm32f1.a(nvic.o)
 .debug_macro   0x00004f19       0x64 ../libopencm3/lib/libopencm3_stm32f1.a(nvic.o)
 .debug_macro   0x00004f7d      0x1b0 ../libopencm3/lib/libopencm3_stm32f1.a(nvic.o)
 .debug_macro   0x0000512d      0x10e ../libopencm3/lib/libopencm3_stm32f1.a(st_usbfs_core.o)
