Archive member included to satisfy reference by file (symbol)

../libopencm3/lib/libopencm3_stm32f1.a(gpio.o)
                              cdcacm.o (gpio_set_mode)
../libopencm3/lib/libopencm3_stm32f1.a(rcc.o)
                              cdcacm.o (rcc_clock_setup_in_hse_8mhz_out_72mhz)
../libopencm3/lib/libopencm3_stm32f1.a(gpio_common_all.o)
                              cdcacm.o (gpio_set)
../libopencm3/lib/libopencm3_stm32f1.a(usart_common_all.o)
                              cdcacm.o (usart_set_baudrate)
../libopencm3/lib/libopencm3_stm32f1.a(usart_common_f124.o)
                              cdcacm.o (usart_send)
../libopencm3/lib/libopencm3_stm32f1.a(rcc_common_all.o)
                              cdcacm.o (rcc_periph_clock_enable)
../libopencm3/lib/libopencm3_stm32f1.a(flash_common_f01.o)
                              ../libopencm3/lib/libopencm3_stm32f1.a(rcc.o) (flash_set_ws)
../libopencm3/lib/libopencm3_stm32f1.a(usb.o)
                              cdcacm.o (usbd_init)
../libopencm3/lib/libopencm3_stm32f1.a(usb_control.o)
                              cdcacm.o (usbd_register_control_callback)
../libopencm3/lib/libopencm3_stm32f1.a(usb_standard.o)
                              cdcacm.o (usbd_register_set_config_callback)
../libopencm3/lib/libopencm3_stm32f1.a(st_usbfs_v1.o)
                              cdcacm.o (st_usbfs_v1_usb_driver)
../libopencm3/lib/libopencm3_stm32f1.a(vector.o)
                              (reset_handler)
../libopencm3/lib/libopencm3_stm32f1.a(nvic.o)
                              cdcacm.o (nvic_enable_irq)
../libopencm3/lib/libopencm3_stm32f1.a(assert.o)
                              ../libopencm3/lib/libopencm3_stm32f1.a(rcc.o) (cm3_assert_failed)
../libopencm3/lib/libopencm3_stm32f1.a(flash.o)
                              ../libopencm3/lib/libopencm3_stm32f1.a(flash_common_f01.o) (flash_get_status_flags)
../libopencm3/lib/libopencm3_stm32f1.a(st_usbfs_core.o)
                              ../libopencm3/lib/libopencm3_stm32f1.a(st_usbfs_v1.o) (st_usbfs_set_address)
/usr/local/gcc-arm-none-eabi-5_4-2016q3/bin/../lib/gcc/arm-none-eabi/5.4.1/../../../../arm-none-eabi/lib/armv7-m/libc.a(lib_a-memcpy.o)
                              ../libopencm3/lib/libopencm3_stm32f1.a(usb_standard.o) (memcpy)
/usr/local/gcc-arm-none-eabi-5_4-2016q3/bin/../lib/gcc/arm-none-eabi/5.4.1/../../../../arm-none-eabi/lib/armv7-m/libc.a(lib_a-strlen-stub.o)
                              ../libopencm3/lib/libopencm3_stm32f1.a(usb_standard.o) (strlen)

Discarded input sections

 .text          0x00000000        0x0 cdcacm.o
 .data          0x00000000        0x0 cdcacm.o
 .bss           0x00000000        0x0 cdcacm.o
 .text.NVIC_Configuration
                0x00000000       0x16 cdcacm.o
 .bss.uart2RxBuf
                0x00000000      0x106 cdcacm.o
 .group         0x00000000        0x8 ../libopencm3/lib/libopencm3_stm32f1.a(gpio.o)
 .group         0x00000000        0x8 ../libopencm3/lib/libopencm3_stm32f1.a(gpio.o)
 .group         0x00000000        0x8 ../libopencm3/lib/libopencm3_stm32f1.a(gpio.o)
 .group         0x00000000        0x8 ../libopencm3/lib/libopencm3_stm32f1.a(gpio.o)
 .group         0x00000000        0x8 ../libopencm3/lib/libopencm3_stm32f1.a(gpio.o)
 .group         0x00000000        0x8 ../libopencm3/lib/libopencm3_stm32f1.a(gpio.o)
 .group         0x00000000        0x8 ../libopencm3/lib/libopencm3_stm32f1.a(gpio.o)
 .group         0x00000000        0x8 ../libopencm3/lib/libopencm3_stm32f1.a(gpio.o)
 .group         0x00000000        0x8 ../libopencm3/lib/libopencm3_stm32f1.a(gpio.o)
 .group         0x00000000        0x8 ../libopencm3/lib/libopencm3_stm32f1.a(gpio.o)
 .group         0x00000000        0x8 ../libopencm3/lib/libopencm3_stm32f1.a(gpio.o)
 .group         0x00000000        0x8 ../libopencm3/lib/libopencm3_stm32f1.a(gpio.o)
 .group         0x00000000        0x8 ../libopencm3/lib/libopencm3_stm32f1.a(gpio.o)
 .text          0x00000000        0x0 ../libopencm3/lib/libopencm3_stm32f1.a(gpio.o)
 .data          0x00000000        0x0 ../libopencm3/lib/libopencm3_stm32f1.a(gpio.o)
 .bss           0x00000000        0x0 ../libopencm3/lib/libopencm3_stm32f1.a(gpio.o)
 .text.gpio_set_eventout
                0x00000000       0x10 ../libopencm3/lib/libopencm3_stm32f1.a(gpio.o)
 .text.gpio_primary_remap
                0x00000000       0x14 ../libopencm3/lib/libopencm3_stm32f1.a(gpio.o)
 .text.gpio_secondary_remap
                0x00000000       0x10 ../libopencm3/lib/libopencm3_stm32f1.a(gpio.o)
 .group         0x00000000        0x8 ../libopencm3/lib/libopencm3_stm32f1.a(rcc.o)
 .group         0x00000000        0x8 ../libopencm3/lib/libopencm3_stm32f1.a(rcc.o)
 .group         0x00000000        0x8 ../libopencm3/lib/libopencm3_stm32f1.a(rcc.o)
 .group         0x00000000        0x8 ../libopencm3/lib/libopencm3_stm32f1.a(rcc.o)
 .group         0x00000000        0x8 ../libopencm3/lib/libopencm3_stm32f1.a(rcc.o)
[...]
Memory Configuration

Name             Origin             Length             Attributes
rom              0x08000000         0x00010000         xr
ram              0x20000000         0x00005000         xrw
*default*        0x00000000         0xffffffff

Linker script and memory map

LOAD cdcacm.o
LOAD ../libopencm3/lib/libopencm3_stm32f1.a
START GROUP
LOAD /usr/local/gcc-arm-none-eabi-5_4-2016q3/bin/../lib/gcc/arm-none-eabi/5.4.1/../../../../arm-none-eabi/lib/armv7-m/libc.a
LOAD /usr/local/gcc-arm-none-eabi-5_4-2016q3/bin/../lib/gcc/arm-none-eabi/5.4.1/armv7-m/libgcc.a
LOAD /usr/local/gcc-arm-none-eabi-5_4-2016q3/bin/../lib/gcc/arm-none-eabi/5.4.1/../../../../arm-none-eabi/lib/armv7-m/libnosys.a
END GROUP
START GROUP
LOAD /usr/local/gcc-arm-none-eabi-5_4-2016q3/bin/../lib/gcc/arm-none-eabi/5.4.1/armv7-m/libgcc.a
LOAD /usr/local/gcc-arm-none-eabi-5_4-2016q3/bin/../lib/gcc/arm-none-eabi/5.4.1/../../../../arm-none-eabi/lib/armv7-m/libc.a
END GROUP

.text           0x08000000     0x19c4
 *(.vectors)
 .vectors       0x08000000      0x150 ../libopencm3/lib/libopencm3_stm32f1.a(vector.o)
                0x08000000                vector_table
 *(.text*)
 .text.cdcacm_control_request
                0x08000150       0x1c cdcacm.o
 .text.cdcacm_set_config
                0x0800016c       0x4c cdcacm.o
 .text.cdcacm_data_rx_cb
                0x080001b8       0x8c cdcacm.o
 .text.usart1_isr
                0x08000244       0xbc cdcacm.o
                0x08000244                usart1_isr
 .text.usart2_isr
                0x08000300       0x68 cdcacm.o
                0x08000300                usart2_isr
 .text.usb_lp_can_rx0_irq
                0x08000368        0xc cdcacm.o
                0x08000368                usb_lp_can_rx0_irq
 .text.usb_int_relay
                0x08000374        0x4 cdcacm.o
                0x08000374                usb_hp_can_tx_isr
                0x08000374                usb_wakeup_isr
                0x08000374                usb_lp_can_rx0_isr
 .text.startup.main
                0x08000378      0x170 cdcacm.o
                0x08000378                main
 .text.gpio_set_mode
                0x080004e8       0x64 ../libopencm3/lib/libopencm3_stm32f1.a(gpio.o)
                0x080004e8                gpio_set_mode
 .text.rcc_osc_on.part.1
                0x0800054c       0x10 ../libopencm3/lib/libopencm3_stm32f1.a(rcc.o)
 .text.rcc_is_osc_ready
                0x0800055c       0x5c ../libopencm3/lib/libopencm3_stm32f1.a(rcc.o)
                0x0800055c                rcc_is_osc_ready
 .text.rcc_wait_for_osc_ready
                0x080005b8       0x10 ../libopencm3/lib/libopencm3_stm32f1.a(rcc.o)
                0x080005b8                rcc_wait_for_osc_ready
 .text.rcc_osc_on
                0x080005c8       0x54 ../libopencm3/lib/libopencm3_stm32f1.a(rcc.o)
                0x080005c8                rcc_osc_on
 .text.rcc_set_sysclk_source
                0x0800061c       0x14 ../libopencm3/lib/libopencm3_stm32f1.a(rcc.o)
                0x0800061c                rcc_set_sysclk_source
 .text.rcc_set_pll_multiplication_factor
                0x08000630       0x14 ../libopencm3/lib/libopencm3_stm32f1.a(rcc.o)
                0x08000630                rcc_set_pll_multiplication_factor
 .text.rcc_set_pll_source
                0x08000644       0x14 ../libopencm3/lib/libopencm3_stm32f1.a(rcc.o)
                0x08000644                rcc_set_pll_source
 .text.rcc_set_pllxtpre
                0x08000658       0x14 ../libopencm3/lib/libopencm3_stm32f1.a(rcc.o)
                0x08000658                rcc_set_pllxtpre
 .text.rcc_set_adcpre
                0x0800066c       0x14 ../libopencm3/lib/libopencm3_stm32f1.a(rcc.o)
                0x0800066c                rcc_set_adcpre
 .text.rcc_set_ppre2
                0x08000680       0x14 ../libopencm3/lib/libopencm3_stm32f1.a(rcc.o)
                0x08000680                rcc_set_ppre2
 .text.rcc_set_ppre1
                0x08000694       0x14 ../libopencm3/lib/libopencm3_stm32f1.a(rcc.o)
                0x08000694                rcc_set_ppre1
 .text.rcc_set_hpre
                0x080006a8       0x14 ../libopencm3/lib/libopencm3_stm32f1.a(rcc.o)
                0x080006a8                rcc_set_hpre
 .text.rcc_clock_setup_in_hse_8mhz_out_72mhz
                0x080006bc       0x8c ../libopencm3/lib/libopencm3_stm32f1.a(rcc.o)
                0x080006bc                rcc_clock_setup_in_hse_8mhz_out_72mhz
 .text.gpio_set
                0x08000748        0x4 ../libopencm3/lib/libopencm3_stm32f1.a(gpio_common_all.o)
                0x08000748                gpio_set
 .text.gpio_clear
                0x0800074c        0x6 ../libopencm3/lib/libopencm3_stm32f1.a(gpio_common_all.o)
                0x0800074c                gpio_clear
 .text.gpio_toggle
                0x08000752       0x12 ../libopencm3/lib/libopencm3_stm32f1.a(gpio_common_all.o)
                0x08000752                gpio_toggle
 .text.usart_set_baudrate
                0x08000764       0x28 ../libopencm3/lib/libopencm3_stm32f1.a(usart_common_all.o)
                0x08000764                usart_set_baudrate
 .text.usart_set_databits
                0x0800078c       0x12 ../libopencm3/lib/libopencm3_stm32f1.a(usart_common_all.o)
                0x0800078c                usart_set_databits
 .text.usart_set_stopbits
                0x0800079e        0xc ../libopencm3/lib/libopencm3_stm32f1.a(usart_common_all.o)
                0x0800079e                usart_set_stopbits
 .text.usart_set_parity
                0x080007aa        0xc ../libopencm3/lib/libopencm3_stm32f1.a(usart_common_all.o)
                0x080007aa                usart_set_parity
 .text.usart_set_mode
                0x080007b6        0xc ../libopencm3/lib/libopencm3_stm32f1.a(usart_common_all.o)
                0x080007b6                usart_set_mode
 .text.usart_set_flow_control
                0x080007c2        0xc ../libopencm3/lib/libopencm3_stm32f1.a(usart_common_all.o)
                0x080007c2                usart_set_flow_control
 .text.usart_enable
                0x080007ce        0xa ../libopencm3/lib/libopencm3_stm32f1.a(usart_common_all.o)
                0x080007ce                usart_enable
 .text.usart_disable_tx_interrupt
                0x080007d8        0xa ../libopencm3/lib/libopencm3_stm32f1.a(usart_common_all.o)
                0x080007d8                usart_disable_tx_interrupt
 .text.usart_send
                0x080007e2        0x8 ../libopencm3/lib/libopencm3_stm32f1.a(usart_common_f124.o)
                0x080007e2                usart_send
 .text.usart_recv
                0x080007ea        0x8 ../libopencm3/lib/libopencm3_stm32f1.a(usart_common_f124.o)
                0x080007ea                usart_recv
 .text.rcc_periph_clock_enable
                0x080007f2       0x1c ../libopencm3/lib/libopencm3_stm32f1.a(rcc_common_all.o)
                0x080007f2                rcc_periph_clock_enable
 *fill*         0x0800080e        0x2 
 .text.flash_set_ws
                0x08000810       0x14 ../libopencm3/lib/libopencm3_stm32f1.a(flash_common_f01.o)
                0x08000810                flash_set_ws
 .text.usbd_init
                0x08000824       0x58 ../libopencm3/lib/libopencm3_stm32f1.a(usb.o)
                0x08000824                usbd_init
 .text.usbd_poll
                0x0800087c        0x8 ../libopencm3/lib/libopencm3_stm32f1.a(usb.o)
                0x0800087c                usbd_poll
 .text.usbd_ep_setup
                0x08000884        0xe ../libopencm3/lib/libopencm3_stm32f1.a(usb.o)
                0x08000884                usbd_ep_setup
 .text._usbd_reset
                0x08000892       0x34 ../libopencm3/lib/libopencm3_stm32f1.a(usb.o)
                0x08000892                _usbd_reset
 .text.usbd_ep_write_packet
                0x080008c6        0xe ../libopencm3/lib/libopencm3_stm32f1.a(usb.o)
                0x080008c6                usbd_ep_write_packet
 .text.usbd_ep_read_packet
                0x080008d4        0xe ../libopencm3/lib/libopencm3_stm32f1.a(usb.o)
                0x080008d4                usbd_ep_read_packet
 .text.usbd_ep_stall_set
                0x080008e2        0x8 ../libopencm3/lib/libopencm3_stm32f1.a(usb.o)
                0x080008e2                usbd_ep_stall_set
 .text.usbd_ep_stall_get
                0x080008ea        0x8 ../libopencm3/lib/libopencm3_stm32f1.a(usb.o)
                0x080008ea                usbd_ep_stall_get
 .text.stall_transaction
                0x080008f2       0x14 ../libopencm3/lib/libopencm3_stm32f1.a(usb_control.o)
 .text.usb_control_recv_chunk
                0x08000906       0x3c ../libopencm3/lib/libopencm3_stm32f1.a(usb_control.o)
 .text.usb_control_send_chunk
                0x08000942       0x56 ../libopencm3/lib/libopencm3_stm32f1.a(usb_control.o)
 .text.usb_control_request_dispatch
                0x08000998       0x62 ../libopencm3/lib/libopencm3_stm32f1.a(usb_control.o)
 .text.usb_control_setup_read
                0x080009fa       0x6a ../libopencm3/lib/libopencm3_stm32f1.a(usb_control.o)
 .text.usbd_register_control_callback
                0x08000a64       0x26 ../libopencm3/lib/libopencm3_stm32f1.a(usb_control.o)
                0x08000a64                usbd_register_control_callback
 .text._usbd_control_setup
                0x08000a8a       0x5a ../libopencm3/lib/libopencm3_stm32f1.a(usb_control.o)
                0x08000a8a                _usbd_control_setup
 .text._usbd_control_out
                0x08000ae4       0x86 ../libopencm3/lib/libopencm3_stm32f1.a(usb_control.o)
                0x08000ae4                _usbd_control_out
 .text._usbd_control_in
                0x08000b6a       0x56 ../libopencm3/lib/libopencm3_stm32f1.a(usb_control.o)
                0x08000b6a                _usbd_control_in
 .text.usb_standard_set_configuration
                0x08000bc0       0x92 ../libopencm3/lib/libopencm3_stm32f1.a(usb_standard.o)
 .text.usb_standard_get_configuration
                0x08000c52       0x22 ../libopencm3/lib/libopencm3_stm32f1.a(usb_standard.o)
 .text.usb_standard_get_interface
                0x08000c74       0x34 ../libopencm3/lib/libopencm3_stm32f1.a(usb_standard.o)
 .text.usb_standard_interface_get_status
                0x08000ca8       0x18 ../libopencm3/lib/libopencm3_stm32f1.a(usb_standard.o)
 .text.usb_standard_endpoint_get_status
                0x08000cc0       0x2a ../libopencm3/lib/libopencm3_stm32f1.a(usb_standard.o)
 .text.usb_standard_endpoint_stall
                0x08000cea       0x10 ../libopencm3/lib/libopencm3_stm32f1.a(usb_standard.o)
 .text.usb_standard_endpoint_unstall
                0x08000cfa       0x10 ../libopencm3/lib/libopencm3_stm32f1.a(usb_standard.o)
 .text.usb_standard_set_address
                0x08000d0a       0x2a ../libopencm3/lib/libopencm3_stm32f1.a(usb_standard.o)
 .text.usb_standard_set_interface
                0x08000d34       0x4a ../libopencm3/lib/libopencm3_stm32f1.a(usb_standard.o)
 .text.usb_standard_get_descriptor
                0x08000d7e      0x25a ../libopencm3/lib/libopencm3_stm32f1.a(usb_standard.o)
 .text.usb_standard_device_get_status
                0x08000fd8       0x18 ../libopencm3/lib/libopencm3_stm32f1.a(usb_standard.o)
 .text.usbd_register_set_config_callback
                0x08000ff0       0x24 ../libopencm3/lib/libopencm3_stm32f1.a(usb_standard.o)
                0x08000ff0                usbd_register_set_config_callback
 .text._usbd_standard_request_device
                0x08001014       0x20 ../libopencm3/lib/libopencm3_stm32f1.a(usb_standard.o)
                0x08001014                _usbd_standard_request_device
 .text._usbd_standard_request_interface
                0x08001034       0x20 ../libopencm3/lib/libopencm3_stm32f1.a(usb_standard.o)
                0x08001034                _usbd_standard_request_interface
 .text._usbd_standard_request_endpoint
                0x08001054       0x3c ../libopencm3/lib/libopencm3_stm32f1.a(usb_standard.o)
                0x08001054                _usbd_standard_request_endpoint
 .text._usbd_standard_request
                0x08001090       0x30 ../libopencm3/lib/libopencm3_stm32f1.a(usb_standard.o)
                0x08001090                _usbd_standard_request
 .text.st_usbfs_v1_usbd_init
                0x080010c0       0x30 ../libopencm3/lib/libopencm3_stm32f1.a(st_usbfs_v1.o)
 .text.st_usbfs_copy_to_pm
                0x080010f0       0x18 ../libopencm3/lib/libopencm3_stm32f1.a(st_usbfs_v1.o)
                0x080010f0                st_usbfs_copy_to_pm
 .text.st_usbfs_copy_from_pm
                0x08001108       0x2a ../libopencm3/lib/libopencm3_stm32f1.a(st_usbfs_v1.o)
                0x08001108                st_usbfs_copy_from_pm
 .text.blocking_handler
                0x08001132        0x2 ../libopencm3/lib/libopencm3_stm32f1.a(vector.o)
                0x08001132                usart3_isr
                0x08001132                rtc_isr
                0x08001132                tim7_isr
                0x08001132                adc1_2_isr
                0x08001132                tim1_trg_com_isr
                0x08001132                tim6_isr
                0x08001132                blocking_handler
                0x08001132                tim5_isr
                0x08001132                otg_fs_isr
                0x08001132                spi1_isr
                0x08001132                exti2_isr
                0x08001132                dma1_channel6_isr
                0x08001132                can_rx1_isr
                0x08001132                dma1_channel5_isr
                0x08001132                dma2_channel5_isr
                0x08001132                usage_fault_handler
                0x08001132                tim8_trg_com_isr
                0x08001132                can2_rx0_isr
                0x08001132                tim1_brk_isr
                0x08001132                can2_rx1_isr
                0x08001132                tim1_cc_isr
                0x08001132                sdio_isr
                0x08001132                eth_isr
                0x08001132                dma1_channel4_isr
                0x08001132                tim8_brk_isr
                0x08001132                dma2_channel4_5_isr
                0x08001132                pvd_isr
                0x08001132                rcc_isr
                0x08001132                flash_isr
                0x08001132                uart4_isr
                0x08001132                rtc_alarm_isr
                0x08001132                exti15_10_isr
                0x08001132                hard_fault_handler
                0x08001132                exti1_isr
                0x08001132                i2c1_ev_isr
                0x08001132                dma2_channel1_isr
                0x08001132                spi2_isr
                0x08001132                tim8_up_isr
                0x08001132                dma2_channel2_isr
                0x08001132                exti3_isr
                0x08001132                adc3_isr
                0x08001132                tim3_isr
                0x08001132                i2c2_er_isr
                0x08001132                i2c2_ev_isr
                0x08001132                uart5_isr
                0x08001132                fsmc_isr
                0x08001132                dma1_channel1_isr
                0x08001132                exti4_isr
                0x08001132                mem_manage_handler
                0x08001132                can2_tx_isr
                0x08001132                exti9_5_isr
                0x08001132                dma2_channel3_isr
                0x08001132                dma1_channel7_isr
                0x08001132                tim1_up_isr
                0x08001132                can2_sce_isr
                0x08001132                tim4_isr
                0x08001132                dma1_channel2_isr
                0x08001132                i2c1_er_isr
                0x08001132                can_sce_isr
                0x08001132                tim8_cc_isr
                0x08001132                tamper_isr
                0x08001132                eth_wkup_isr
                0x08001132                bus_fault_handler
                0x08001132                wwdg_isr
                0x08001132                dma1_channel3_isr
                0x08001132                spi3_isr
                0x08001132                tim2_isr
                0x08001132                exti0_isr
 .text.null_handler
                0x08001134        0x2 ../libopencm3/lib/libopencm3_stm32f1.a(vector.o)
                0x08001134                null_handler
                0x08001134                sv_call_handler
                0x08001134                pend_sv_handler
                0x08001134                debug_monitor_handler
                0x08001134                sys_tick_handler
                0x08001134                nmi_handler
 *fill*         0x08001136        0x2 
 .text.reset_handler
                0x08001138       0x90 ../libopencm3/lib/libopencm3_stm32f1.a(vector.o)
                0x08001138                reset_handler
 .text.nvic_enable_irq
                0x080011c8       0x1a ../libopencm3/lib/libopencm3_stm32f1.a(nvic.o)
                0x080011c8                nvic_enable_irq
 *fill*         0x080011e2        0x2 
 .text.nvic_disable_irq
                0x080011e4       0x18 ../libopencm3/lib/libopencm3_stm32f1.a(nvic.o)
                0x080011e4                nvic_disable_irq
 .text.nvic_set_priority
                0x080011fc       0x20 ../libopencm3/lib/libopencm3_stm32f1.a(nvic.o)
                0x080011fc                nvic_set_priority
 .text.st_usbfs_set_address
                0x0800121c       0x10 ../libopencm3/lib/libopencm3_stm32f1.a(st_usbfs_core.o)
                0x0800121c                st_usbfs_set_address
 .text.st_usbfs_set_ep_rx_bufsize
                0x0800122c       0x44 ../libopencm3/lib/libopencm3_stm32f1.a(st_usbfs_core.o)
                0x0800122c                st_usbfs_set_ep_rx_bufsize
 .text.st_usbfs_ep_setup
                0x08001270      0x124 ../libopencm3/lib/libopencm3_stm32f1.a(st_usbfs_core.o)
                0x08001270                st_usbfs_ep_setup
 .text.st_usbfs_endpoints_reset
                0x08001394       0x44 ../libopencm3/lib/libopencm3_stm32f1.a(st_usbfs_core.o)
                0x08001394                st_usbfs_endpoints_reset
 .text.st_usbfs_ep_stall_set
                0x080013d8       0xb8 ../libopencm3/lib/libopencm3_stm32f1.a(st_usbfs_core.o)
                0x080013d8                st_usbfs_ep_stall_set
 .text.st_usbfs_ep_stall_get
                0x08001490       0x38 ../libopencm3/lib/libopencm3_stm32f1.a(st_usbfs_core.o)
                0x08001490                st_usbfs_ep_stall_get
 .text.st_usbfs_ep_nak_set
                0x080014c8       0x3c ../libopencm3/lib/libopencm3_stm32f1.a(st_usbfs_core.o)
                0x080014c8                st_usbfs_ep_nak_set
 .text.st_usbfs_ep_write_packet
                0x08001504       0x7c ../libopencm3/lib/libopencm3_stm32f1.a(st_usbfs_core.o)
                0x08001504                st_usbfs_ep_write_packet
 .text.st_usbfs_ep_read_packet
                0x08001580       0xac ../libopencm3/lib/libopencm3_stm32f1.a(st_usbfs_core.o)
                0x08001580                st_usbfs_ep_read_packet
 .text.st_usbfs_poll
                0x0800162c       0xe4 ../libopencm3/lib/libopencm3_stm32f1.a(st_usbfs_core.o)
                0x0800162c                st_usbfs_poll
 .text          0x08001710       0xec /usr/local/gcc-arm-none-eabi-5_4-2016q3/bin/../lib/gcc/arm-none-eabi/5.4.1/../../../../arm-none-eabi/lib/armv7-m/libc.a(lib_a-memcpy.o)
                0x08001710                memcpy
 .text.strlen   0x080017fc       0x5c /usr/local/gcc-arm-none-eabi-5_4-2016q3/bin/../lib/gcc/arm-none-eabi/5.4.1/../../../../arm-none-eabi/lib/armv7-m/libc.a(lib_a-strlen-stub.o)
                0x080017fc                strlen
                0x08001858                . = ALIGN (0x4)
 *(.rodata*)
 .rodata.data_endp
                0x08001858       0x1e cdcacm.o
 .rodata.comm_endp
                0x08001876        0xf cdcacm.o
 .rodata.data_iface
                0x08001885       0x15 cdcacm.o
 .rodata.config
                0x0800189a        0xd cdcacm.o
 *fill*         0x080018a7        0x1 
 .rodata.ifaces
                0x080018a8       0x20 cdcacm.o
 .rodata.comm_iface
                0x080018c8       0x15 cdcacm.o
 .rodata.str1.1
                0x080018dd       0x2c cdcacm.o
 .rodata.dev    0x08001909       0x12 cdcacm.o
 .rodata.cdcacm_functional_descriptors
                0x0800191b       0x13 cdcacm.o
 *fill*         0x0800192e        0x2 
 .rodata.CSWTCH.24
                0x08001930       0x28 ../libopencm3/lib/libopencm3_stm32f1.a(usb_standard.o)
 .rodata.CSWTCH.26
                0x08001958       0x30 ../libopencm3/lib/libopencm3_stm32f1.a(usb_standard.o)
 .rodata.st_usbfs_v1_usb_driver
                0x08001988       0x34 ../libopencm3/lib/libopencm3_stm32f1.a(st_usbfs_v1.o)
                0x08001988                st_usbfs_v1_usb_driver
 .rodata        0x080019bc        0x8 ../libopencm3/lib/libopencm3_stm32f1.a(st_usbfs_core.o)
                0x080019c4                . = ALIGN (0x4)

.glue_7         0x080019c4        0x0
 .glue_7        0x080019c4        0x0 linker stubs

.glue_7t        0x080019c4        0x0
 .glue_7t       0x080019c4        0x0 linker stubs

.vfp11_veneer   0x080019c4        0x0
 .vfp11_veneer  0x080019c4        0x0 linker stubs

.v4_bx          0x080019c4        0x0
 .v4_bx         0x080019c4        0x0 linker stubs

.iplt           0x080019c4        0x0
 .iplt          0x080019c4        0x0 cdcacm.o

.rel.dyn        0x080019c4        0x0
 .rel.iplt      0x080019c4        0x0 cdcacm.o

.preinit_array  0x080019c4        0x0
                0x080019c4                . = ALIGN (0x4)
                0x080019c4                __preinit_array_start = .
 *(.preinit_array)
                0x080019c4                __preinit_array_end = .

.init_array     0x080019c4        0x0
                0x080019c4                . = ALIGN (0x4)
                0x080019c4                __init_array_start = .
 *(SORT(.init_array.*))
 *(.init_array)
                0x080019c4                __init_array_end = .

.fini_array     0x080019c4        0x0
                0x080019c4                . = ALIGN (0x4)
                0x080019c4                __fini_array_start = .
 *(.fini_array)
 *(SORT(.fini_array.*))
                0x080019c4                __fini_array_end = .

.ARM.extab
 *(.ARM.extab*)

.ARM.exidx      0x080019c4        0x0
                0x080019c4                __exidx_start = .
 *(.ARM.exidx*)
                0x080019c4                __exidx_end = .
                0x080019c4                . = ALIGN (0x4)
                0x080019c4                _etext = .

.data           0x20000000       0x18 load address 0x080019c4
                0x20000000                _data = .
 *(.data*)
 .data.usb_strings
                0x20000000        0xc cdcacm.o
 .data.rcc_ahb_frequency
                0x2000000c        0x4 ../libopencm3/lib/libopencm3_stm32f1.a(rcc.o)
                0x2000000c                rcc_ahb_frequency
 .data.rcc_apb1_frequency
                0x20000010        0x4 ../libopencm3/lib/libopencm3_stm32f1.a(rcc.o)
                0x20000010                rcc_apb1_frequency
 .data.rcc_apb2_frequency
                0x20000014        0x4 ../libopencm3/lib/libopencm3_stm32f1.a(rcc.o)
                0x20000014                rcc_apb2_frequency
                0x20000018                . = ALIGN (0x4)
                0x20000018                _edata = .
                0x080019c4                _data_loadaddr = LOADADDR (.data)

.igot.plt       0x20000018        0x0 load address 0x080019dc
 .igot.plt      0x20000018        0x0 cdcacm.o

.bss            0x20000018      0x4a4 load address 0x080019dc
 *(.bss*)
 .bss.uart1TxBuf
                0x20000018      0x106 cdcacm.o
                0x20000018                uart1TxBuf
 .bss.uart2TxBuf
                0x2000011e      0x106 cdcacm.o
                0x2000011e                uart2TxBuf
 .bss.usbd_control_buffer
                0x20000224       0x80 cdcacm.o
                0x20000224                usbd_control_buffer
 .bss.data.5817
                0x200002a4        0x1 cdcacm.o
 *fill*         0x200002a5        0x3 
 .bss.usbd_dev  0x200002a8        0x4 cdcacm.o
 .bss.uart1RxBuf
                0x200002ac      0x106 cdcacm.o
                0x200002ac                uart1RxBuf
 .bss.data.5822
                0x200003b2        0x1 cdcacm.o
 *fill*         0x200003b3        0x1 
 .bss.rxOverflow
                0x200003b4        0x4 cdcacm.o
                0x200003b4                rxOverflow
 .bss.st_usbfs_force_nak
                0x200003b8        0x8 ../libopencm3/lib/libopencm3_stm32f1.a(st_usbfs_core.o)
                0x200003b8                st_usbfs_force_nak
 .bss.st_usbfs_dev
                0x200003c0       0xfc ../libopencm3/lib/libopencm3_stm32f1.a(st_usbfs_core.o)
                0x200003c0                st_usbfs_dev
 *(COMMON)
                0x200004bc                . = ALIGN (0x4)
                0x200004bc                _ebss = .

/DISCARD/
 *(.eh_frame)
                0x200004bc                . = ALIGN (0x4)
                0x200004bc                end = .
                0x20005000                PROVIDE (_stack, (ORIGIN (ram) + LENGTH (ram)))
OUTPUT(cdcacm.elf elf32-littlearm)

.debug_info     0x00000000     0x869d
 .debug_info    0x00000000     0x137d cdcacm.o
 .debug_info    0x0000137d      0x1df ../libopencm3/lib/libopencm3_stm32f1.a(gpio.o)
 .debug_info    0x0000155c     0x116a ../libopencm3/lib/libopencm3_stm32f1.a(rcc.o)
 .debug_info    0x000026c6      0x22c ../libopencm3/lib/libopencm3_stm32f1.a(gpio_common_all.o)
 .debug_info    0x000028f2      0x4b2 ../libopencm3/lib/libopencm3_stm32f1.a(usart_common_all.o)
 .debug_info    0x00002da4      0x17a ../libopencm3/lib/libopencm3_stm32f1.a(usart_common_f124.o)
 .debug_info    0x00002f1e      0x50a ../libopencm3/lib/libopencm3_stm32f1.a(rcc_common_all.o)
 .debug_info    0x00003428      0x278 ../libopencm3/lib/libopencm3_stm32f1.a(flash_common_f01.o)
 .debug_info    0x000036a0      0xdb1 ../libopencm3/lib/libopencm3_stm32f1.a(usb.o)
 .debug_info    0x00004451      0xed8 ../libopencm3/lib/libopencm3_stm32f1.a(usb_control.o)
 .debug_info    0x00005329     0x1449 ../libopencm3/lib/libopencm3_stm32f1.a(usb_standard.o)
 .debug_info    0x00006772      0xc16 ../libopencm3/lib/libopencm3_stm32f1.a(st_usbfs_v1.o)
 .debug_info    0x00007388      0x2a8 ../libopencm3/lib/libopencm3_stm32f1.a(vector.o)
 .debug_info    0x00007630      0x214 ../libopencm3/lib/libopencm3_stm32f1.a(nvic.o)
 .debug_info    0x00007844      0xe59 ../libopencm3/lib/libopencm3_stm32f1.a(st_usbfs_core.o)

.debug_abbrev   0x00000000     0x1a2c
 .debug_abbrev  0x00000000      0x383 cdcacm.o
 .debug_abbrev  0x00000383       0xb7 ../libopencm3/lib/libopencm3_stm32f1.a(gpio.o)
 .debug_abbrev  0x0000043a      0x272 ../libopencm3/lib/libopencm3_stm32f1.a(rcc.o)
 .debug_abbrev  0x000006ac      0x10e ../libopencm3/lib/libopencm3_stm32f1.a(gpio_common_all.o)
 .debug_abbrev  0x000007ba      0x10f ../libopencm3/lib/libopencm3_stm32f1.a(usart_common_all.o)
 .debug_abbrev  0x000008c9       0x8e ../libopencm3/lib/libopencm3_stm32f1.a(usart_common_f124.o)
 .debug_abbrev  0x00000957      0x105 ../libopencm3/lib/libopencm3_stm32f1.a(rcc_common_all.o)
 .debug_abbrev  0x00000a5c       0xcd ../libopencm3/lib/libopencm3_stm32f1.a(flash_common_f01.o)
 .debug_abbrev  0x00000b29      0x1f2 ../libopencm3/lib/libopencm3_stm32f1.a(usb.o)
 .debug_abbrev  0x00000d1b      0x317 ../libopencm3/lib/libopencm3_stm32f1.a(usb_control.o)
 .debug_abbrev  0x00001032      0x3da ../libopencm3/lib/libopencm3_stm32f1.a(usb_standard.o)
 .debug_abbrev  0x0000140c      0x1d6 ../libopencm3/lib/libopencm3_stm32f1.a(st_usbfs_v1.o)
 .debug_abbrev  0x000015e2      0x146 ../libopencm3/lib/libopencm3_stm32f1.a(vector.o)
 .debug_abbrev  0x00001728       0xa6 ../libopencm3/lib/libopencm3_stm32f1.a(nvic.o)
 .debug_abbrev  0x000017ce      0x25e ../libopencm3/lib/libopencm3_stm32f1.a(st_usbfs_core.o)

.debug_loc      0x00000000     0x338d
 .debug_loc     0x00000000      0x2b3 cdcacm.o
 .debug_loc     0x000002b3      0x19f ../libopencm3/lib/libopencm3_stm32f1.a(gpio.o)
 .debug_loc     0x00000452      0x4ba ../libopencm3/lib/libopencm3_stm32f1.a(rcc.o)
 .debug_loc     0x0000090c       0x97 ../libopencm3/lib/libopencm3_stm32f1.a(gpio_common_all.o)
 .debug_loc     0x000009a3      0x1ca ../libopencm3/lib/libopencm3_stm32f1.a(usart_common_all.o)
 .debug_loc     0x00000b6d       0x63 ../libopencm3/lib/libopencm3_stm32f1.a(usart_common_f124.o)
 .debug_loc     0x00000bd0      0x108 ../libopencm3/lib/libopencm3_stm32f1.a(rcc_common_all.o)
 .debug_loc     0x00000cd8       0xd3 ../libopencm3/lib/libopencm3_stm32f1.a(flash_common_f01.o)
 .debug_loc     0x00000dab      0x4b1 ../libopencm3/lib/libopencm3_stm32f1.a(usb.o)
 .debug_loc     0x0000125c      0x58d ../libopencm3/lib/libopencm3_stm32f1.a(usb_control.o)
 .debug_loc     0x000017e9     0x1148 ../libopencm3/lib/libopencm3_stm32f1.a(usb_standard.o)
 .debug_loc     0x00002931      0x157 ../libopencm3/lib/libopencm3_stm32f1.a(st_usbfs_v1.o)
 .debug_loc     0x00002a88       0xdf ../libopencm3/lib/libopencm3_stm32f1.a(vector.o)
 .debug_loc     0x00002b67      0x129 ../libopencm3/lib/libopencm3_stm32f1.a(nvic.o)
 .debug_loc     0x00002c90      0x6fd ../libopencm3/lib/libopencm3_stm32f1.a(st_usbfs_core.o)

.debug_aranges  0x00000000      0x6c8
 .debug_aranges
                0x00000000       0x58 cdcacm.o
 .debug_aranges
                0x00000058       0x38 ../libopencm3/lib/libopencm3_stm32f1.a(gpio.o)
 .debug_aranges
                0x00000090      0x168 ../libopencm3/lib/libopencm3_stm32f1.a(rcc.o)
 .debug_aranges
                0x000001f8       0x50 ../libopencm3/lib/libopencm3_stm32f1.a(gpio_common_all.o)
 .debug_aranges
                0x00000248       0xb8 ../libopencm3/lib/libopencm3_stm32f1.a(usart_common_all.o)
 .debug_aranges
                0x00000300       0x40 ../libopencm3/lib/libopencm3_stm32f1.a(usart_common_f124.o)
 .debug_aranges
                0x00000340       0x58 ../libopencm3/lib/libopencm3_stm32f1.a(rcc_common_all.o)
 .debug_aranges
                0x00000398       0x88 ../libopencm3/lib/libopencm3_stm32f1.a(flash_common_f01.o)
 .debug_aranges
                0x00000420       0x88 ../libopencm3/lib/libopencm3_stm32f1.a(usb.o)
 .debug_aranges
                0x000004a8       0x60 ../libopencm3/lib/libopencm3_stm32f1.a(usb_control.o)
 .debug_aranges
                0x00000508       0x98 ../libopencm3/lib/libopencm3_stm32f1.a(usb_standard.o)
 .debug_aranges
                0x000005a0       0x30 ../libopencm3/lib/libopencm3_stm32f1.a(st_usbfs_v1.o)
 .debug_aranges
                0x000005d0       0x30 ../libopencm3/lib/libopencm3_stm32f1.a(vector.o)
 .debug_aranges
                0x00000600       0x60 ../libopencm3/lib/libopencm3_stm32f1.a(nvic.o)
 .debug_aranges
                0x00000660       0x68 ../libopencm3/lib/libopencm3_stm32f1.a(st_usbfs_core.o)

.debug_ranges   0x00000000      0x780
 .debug_ranges  0x00000000       0xc0 cdcacm.o
 .debug_ranges  0x000000c0       0x28 ../libopencm3/lib/libopencm3_stm32f1.a(gpio.o)
 .debug_ranges  0x000000e8      0x1b8 ../libopencm3/lib/libopencm3_stm32f1.a(rcc.o)
 .debug_ranges  0x000002a0       0x40 ../libopencm3/lib/libopencm3_stm32f1.a(gpio_common_all.o)
 .debug_ranges  0x000002e0       0xa8 ../libopencm3/lib/libopencm3_stm32f1.a(usart_common_all.o)
 .debug_ranges  0x00000388       0x30 ../libopencm3/lib/libopencm3_stm32f1.a(usart_common_f124.o)
 .debug_ranges  0x000003b8       0x48 ../libopencm3/lib/libopencm3_stm32f1.a(rcc_common_all.o)
 .debug_ranges  0x00000400       0x78 ../libopencm3/lib/libopencm3_stm32f1.a(flash_common_f01.o)
 .debug_ranges  0x00000478       0x78 ../libopencm3/lib/libopencm3_stm32f1.a(usb.o)
 .debug_ranges  0x000004f0       0x68 ../libopencm3/lib/libopencm3_stm32f1.a(usb_control.o)
 .debug_ranges  0x00000558       0xf0 ../libopencm3/lib/libopencm3_stm32f1.a(usb_standard.o)
 .debug_ranges  0x00000648       0x20 ../libopencm3/lib/libopencm3_stm32f1.a(st_usbfs_v1.o)
 .debug_ranges  0x00000668       0x20 ../libopencm3/lib/libopencm3_stm32f1.a(vector.o)
 .debug_ranges  0x00000688       0x50 ../libopencm3/lib/libopencm3_stm32f1.a(nvic.o)
 .debug_ranges  0x000006d8       0xa8 ../libopencm3/lib/libopencm3_stm32f1.a(st_usbfs_core.o)

.debug_line     0x00000000     0x3b49
 .debug_line    0x00000000      0x36d cdcacm.o
 .debug_line    0x0000036d      0x302 ../libopencm3/lib/libopencm3_stm32f1.a(gpio.o)
 .debug_line    0x0000066f      0x6b0 ../libopencm3/lib/libopencm3_stm32f1.a(rcc.o)
 .debug_line    0x00000d1f      0x336 ../libopencm3/lib/libopencm3_stm32f1.a(gpio_common_all.o)
 .debug_line    0x00001055      0x46c ../libopencm3/lib/libopencm3_stm32f1.a(usart_common_all.o)
 .debug_line    0x000014c1      0x357 ../libopencm3/lib/libopencm3_stm32f1.a(usart_common_f124.o)
 .debug_line    0x00001818      0x33b ../libopencm3/lib/libopencm3_stm32f1.a(rcc_common_all.o)
 .debug_line    0x00001b53      0x3c1 ../libopencm3/lib/libopencm3_stm32f1.a(flash_common_f01.o)
 .debug_line    0x00001f14      0x3d4 ../libopencm3/lib/libopencm3_stm32f1.a(usb.o)
 .debug_line    0x000022e8      0x40d ../libopencm3/lib/libopencm3_stm32f1.a(usb_control.o)
 .debug_line    0x000026f5      0x54d ../libopencm3/lib/libopencm3_stm32f1.a(usb_standard.o)
 .debug_line    0x00002c42      0x3dd ../libopencm3/lib/libopencm3_stm32f1.a(st_usbfs_v1.o)
 .debug_line    0x0000301f      0x348 ../libopencm3/lib/libopencm3_stm32f1.a(vector.o)
 .debug_line    0x00003367      0x306 ../libopencm3/lib/libopencm3_stm32f1.a(nvic.o)
 .debug_line    0x0000366d      0x4dc ../libopencm3/lib/libopencm3_stm32f1.a(st_usbfs_core.o)

.debug_str      0x00000000    0x14a1d
 .debug_str     0x00000000      0xb11 cdcacm.o
                                0xc0b (size before relaxing)
 .debug_str     0x00000b11     0x7a97 ../libopencm3/lib/libopencm3_stm32f1.a(gpio.o)
                               0x7c5c (size before relaxing)
 .debug_str     0x000085a8     0x30b4 ../libopencm3/lib/libopencm3_stm32f1.a(rcc.o)
                               0x7527 (size before relaxing)
 .debug_str     0x0000b65c       0x5a ../libopencm3/lib/libopencm3_stm32f1.a(gpio_common_all.o)
                               0x7c50 (size before relaxing)
 .debug_str     0x0000b6b6      0xff9 ../libopencm3/lib/libopencm3_stm32f1.a(usart_common_all.o)
                               0x794e (size before relaxing)
 .debug_str     0x0000c6af       0x2d ../libopencm3/lib/libopencm3_stm32f1.a(usart_common_f124.o)
                               0x7762 (size before relaxing)
 .debug_str     0x0000c6dc      0x2f5 ../libopencm3/lib/libopencm3_stm32f1.a(rcc_common_all.o)
                               0x6d9d (size before relaxing)
 .debug_str     0x0000c9d1      0x179 ../libopencm3/lib/libopencm3_stm32f1.a(flash_common_f01.o)
                               0x4d03 (size before relaxing)
 .debug_str     0x0000cb4a     0x34ab ../libopencm3/lib/libopencm3_stm32f1.a(usb.o)
                               0x70ff (size before relaxing)
 .debug_str     0x0000fff5      0x241 ../libopencm3/lib/libopencm3_stm32f1.a(usb_control.o)
                               0x71bf (size before relaxing)
 .debug_str     0x00010236      0x299 ../libopencm3/lib/libopencm3_stm32f1.a(usb_standard.o)
                               0x7296 (size before relaxing)
 .debug_str     0x000104cf     0x1581 ../libopencm3/lib/libopencm3_stm32f1.a(st_usbfs_v1.o)
                               0x8e6f (size before relaxing)
 .debug_str     0x00011a50     0x24ed ../libopencm3/lib/libopencm3_stm32f1.a(vector.o)
                               0x5dae (size before relaxing)
 .debug_str     0x00013f3d      0x9bd ../libopencm3/lib/libopencm3_stm32f1.a(nvic.o)
                               0x4ab9 (size before relaxing)
 .debug_str     0x000148fa      0x123 ../libopencm3/lib/libopencm3_stm32f1.a(st_usbfs_core.o)
                               0x8d7e (size before relaxing)

.comment        0x00000000       0x6e
 .comment       0x00000000       0x6e cdcacm.o
                                 0x6f (size before relaxing)
 .comment       0x0000006e       0x6f ../libopencm3/lib/libopencm3_stm32f1.a(gpio.o)
 .comment       0x0000006e       0x6f ../libopencm3/lib/libopencm3_stm32f1.a(rcc.o)
 .comment       0x0000006e       0x6f ../libopencm3/lib/libopencm3_stm32f1.a(gpio_common_all.o)
 .comment       0x0000006e       0x6f ../libopencm3/lib/libopencm3_stm32f1.a(usart_common_all.o)
 .comment       0x0000006e       0x6f ../libopencm3/lib/libopencm3_stm32f1.a(usart_common_f124.o)
 .comment       0x0000006e       0x6f ../libopencm3/lib/libopencm3_stm32f1.a(rcc_common_all.o)
 .comment       0x0000006e       0x6f ../libopencm3/lib/libopencm3_stm32f1.a(flash_common_f01.o)
 .comment       0x0000006e       0x6f ../libopencm3/lib/libopencm3_stm32f1.a(usb.o)
 .comment       0x0000006e       0x6f ../libopencm3/lib/libopencm3_stm32f1.a(usb_control.o)
 .comment       0x0000006e       0x6f ../libopencm3/lib/libopencm3_stm32f1.a(usb_standard.o)
 .comment       0x0000006e       0x6f ../libopencm3/lib/libopencm3_stm32f1.a(st_usbfs_v1.o)
 .comment       0x0000006e       0x6f ../libopencm3/lib/libopencm3_stm32f1.a(vector.o)
 .comment       0x0000006e       0x6f ../libopencm3/lib/libopencm3_stm32f1.a(nvic.o)
 .comment       0x0000006e       0x6f ../libopencm3/lib/libopencm3_stm32f1.a(st_usbfs_core.o)

.ARM.attributes
                0x00000000       0x31
 .ARM.attributes
                0x00000000       0x33 cdcacm.o
 .ARM.attributes
                0x00000033       0x33 ../libopencm3/lib/libopencm3_stm32f1.a(gpio.o)
 .ARM.attributes
                0x00000066       0x33 ../libopencm3/lib/libopencm3_stm32f1.a(rcc.o)
 .ARM.attributes
                0x00000099       0x33 ../libopencm3/lib/libopencm3_stm32f1.a(gpio_common_all.o)
 .ARM.attributes
                0x000000cc       0x33 ../libopencm3/lib/libopencm3_stm32f1.a(usart_common_all.o)
 .ARM.attributes
                0x000000ff       0x33 ../libopencm3/lib/libopencm3_stm32f1.a(usart_common_f124.o)
 .ARM.attributes
                0x00000132       0x33 ../libopencm3/lib/libopencm3_stm32f1.a(rcc_common_all.o)
 .ARM.attributes
                0x00000165       0x33 ../libopencm3/lib/libopencm3_stm32f1.a(flash_common_f01.o)
 .ARM.attributes
                0x00000198       0x33 ../libopencm3/lib/libopencm3_stm32f1.a(usb.o)
 .ARM.attributes
                0x000001cb       0x33 ../libopencm3/lib/libopencm3_stm32f1.a(usb_control.o)
 .ARM.attributes
                0x000001fe       0x33 ../libopencm3/lib/libopencm3_stm32f1.a(usb_standard.o)
 .ARM.attributes
                0x00000231       0x33 ../libopencm3/lib/libopencm3_stm32f1.a(st_usbfs_v1.o)
 .ARM.attributes
                0x00000264       0x33 ../libopencm3/lib/libopencm3_stm32f1.a(vector.o)
 .ARM.attributes
                0x00000297       0x33 ../libopencm3/lib/libopencm3_stm32f1.a(nvic.o)
 .ARM.attributes
                0x000002ca       0x33 ../libopencm3/lib/libopencm3_stm32f1.a(st_usbfs_core.o)
 .ARM.attributes
                0x000002fd       0x1b /usr/local/gcc-arm-none-eabi-5_4-2016q3/bin/../lib/gcc/arm-none-eabi/5.4.1/../../../../arm-none-eabi/lib/armv7-m/libc.a(lib_a-memcpy.o)
 .ARM.attributes
                0x00000318       0x2d /usr/local/gcc-arm-none-eabi-5_4-2016q3/bin/../lib/gcc/arm-none-eabi/5.4.1/../../../../arm-none-eabi/lib/armv7-m/libc.a(lib_a-strlen-stub.o)

.debug_frame    0x00000000      0xf7c
 .debug_frame   0x00000000      0x114 cdcacm.o
 .debug_frame   0x00000114       0x64 ../libopencm3/lib/libopencm3_stm32f1.a(gpio.o)
 .debug_frame   0x00000178      0x300 ../libopencm3/lib/libopencm3_stm32f1.a(rcc.o)
 .debug_frame   0x00000478       0x80 ../libopencm3/lib/libopencm3_stm32f1.a(gpio_common_all.o)
 .debug_frame   0x000004f8      0x170 ../libopencm3/lib/libopencm3_stm32f1.a(usart_common_all.o)
 .debug_frame   0x00000668       0x60 ../libopencm3/lib/libopencm3_stm32f1.a(usart_common_f124.o)
 .debug_frame   0x000006c8       0xb0 ../libopencm3/lib/libopencm3_stm32f1.a(rcc_common_all.o)
 .debug_frame   0x00000778      0x120 ../libopencm3/lib/libopencm3_stm32f1.a(flash_common_f01.o)
 .debug_frame   0x00000898      0x13c ../libopencm3/lib/libopencm3_stm32f1.a(usb.o)
 .debug_frame   0x000009d4      0x154 ../libopencm3/lib/libopencm3_stm32f1.a(usb_control.o)
 .debug_frame   0x00000b28      0x1ec ../libopencm3/lib/libopencm3_stm32f1.a(usb_standard.o)
 .debug_frame   0x00000d14       0x58 ../libopencm3/lib/libopencm3_stm32f1.a(st_usbfs_v1.o)
 .debug_frame   0x00000d6c       0x40 ../libopencm3/lib/libopencm3_stm32f1.a(vector.o)
 .debug_frame   0x00000dac       0xa0 ../libopencm3/lib/libopencm3_stm32f1.a(nvic.o)
 .debug_frame   0x00000e4c      0x110 ../libopencm3/lib/libopencm3_stm32f1.a(st_usbfs_core.o)
 .debug_frame   0x00000f5c       0x20 /usr/local/gcc-arm-none-eabi-5_4-2016q3/bin/../lib/gcc/arm-none-eabi/5.4.1/../../../../arm-none-eabi/lib/armv7-m/libc.a(lib_a-strlen-stub.o)

.debug_macro    0x00000000     0x5144
 .debug_macro   0x00000000       0xb9 ../libopencm3/lib/libopencm3_stm32f1.a(gpio.o)
 .debug_macro   0x000000b9      0x874 ../libopencm3/lib/libopencm3_stm32f1.a(gpio.o)
 .debug_macro   0x0000092d       0x22 ../libopencm3/lib/libopencm3_stm32f1.a(gpio.o)
 .debug_macro   0x0000094f       0x87 ../libopencm3/lib/libopencm3_stm32f1.a(gpio.o)
 .debug_macro   0x000009d6       0x44 ../libopencm3/lib/libopencm3_stm32f1.a(gpio.o)
 .debug_macro   0x00000a1a       0xfd ../libopencm3/lib/libopencm3_stm32f1.a(gpio.o)
 .debug_macro   0x00000b17       0x5e ../libopencm3/lib/libopencm3_stm32f1.a(gpio.o)
 .debug_macro   0x00000b75      0x1df ../libopencm3/lib/libopencm3_stm32f1.a(gpio.o)
 .debug_macro   0x00000d54       0x22 ../libopencm3/lib/libopencm3_stm32f1.a(gpio.o)
 .debug_macro   0x00000d76       0xfa ../libopencm3/lib/libopencm3_stm32f1.a(gpio.o)
 .debug_macro   0x00000e70       0x58 ../libopencm3/lib/libopencm3_stm32f1.a(gpio.o)
 .debug_macro   0x00000ec8      0x1b4 ../libopencm3/lib/libopencm3_stm32f1.a(gpio.o)
 .debug_macro   0x0000107c       0x76 ../libopencm3/lib/libopencm3_stm32f1.a(gpio.o)
 .debug_macro   0x000010f2      0xdfd ../libopencm3/lib/libopencm3_stm32f1.a(gpio.o)
 .debug_macro   0x00001eef       0xe0 ../libopencm3/lib/libopencm3_stm32f1.a(rcc.o)
 .debug_macro   0x00001fcf       0x16 ../libopencm3/lib/libopencm3_stm32f1.a(rcc.o)
 .debug_macro   0x00001fe5      0x82c ../libopencm3/lib/libopencm3_stm32f1.a(rcc.o)
 .debug_macro   0x00002811       0xdc ../libopencm3/lib/libopencm3_stm32f1.a(rcc.o)
 .debug_macro   0x000028ed       0x82 ../libopencm3/lib/libopencm3_stm32f1.a(rcc.o)
 .debug_macro   0x0000296f       0xb9 ../libopencm3/lib/libopencm3_stm32f1.a(gpio_common_all.o)
 .debug_macro   0x00002a28       0xdb ../libopencm3/lib/libopencm3_stm32f1.a(usart_common_all.o)
 .debug_macro   0x00002b03       0x8e ../libopencm3/lib/libopencm3_stm32f1.a(usart_common_all.o)
 .debug_macro   0x00002b91      0x273 ../libopencm3/lib/libopencm3_stm32f1.a(usart_common_all.o)
 .debug_macro   0x00002e04       0xdb ../libopencm3/lib/libopencm3_stm32f1.a(usart_common_f124.o)
 .debug_macro   0x00002edf       0xcf ../libopencm3/lib/libopencm3_stm32f1.a(rcc_common_all.o)
 .debug_macro   0x00002fae       0xb9 ../libopencm3/lib/libopencm3_stm32f1.a(flash_common_f01.o)
 .debug_macro   0x00003067      0x154 ../libopencm3/lib/libopencm3_stm32f1.a(usb.o)
 .debug_macro   0x000031bb       0x4c ../libopencm3/lib/libopencm3_stm32f1.a(usb.o)
 .debug_macro   0x00003207       0x8d ../libopencm3/lib/libopencm3_stm32f1.a(usb.o)
 .debug_macro   0x00003294       0x35 ../libopencm3/lib/libopencm3_stm32f1.a(usb.o)
 .debug_macro   0x000032c9       0x9c ../libopencm3/lib/libopencm3_stm32f1.a(usb.o)
 .debug_macro   0x00003365      0x174 ../libopencm3/lib/libopencm3_stm32f1.a(usb.o)
 .debug_macro   0x000034d9       0x4a ../libopencm3/lib/libopencm3_stm32f1.a(usb.o)
 .debug_macro   0x00003523       0x52 ../libopencm3/lib/libopencm3_stm32f1.a(usb.o)
 .debug_macro   0x00003575       0x1f ../libopencm3/lib/libopencm3_stm32f1.a(usb.o)
 .debug_macro   0x00003594       0x43 ../libopencm3/lib/libopencm3_stm32f1.a(usb.o)
 .debug_macro   0x000035d7       0x20 ../libopencm3/lib/libopencm3_stm32f1.a(usb.o)
 .debug_macro   0x000035f7      0x187 ../libopencm3/lib/libopencm3_stm32f1.a(usb.o)
 .debug_macro   0x0000377e      0x30d ../libopencm3/lib/libopencm3_stm32f1.a(usb.o)
 .debug_macro   0x00003a8b       0x10 ../libopencm3/lib/libopencm3_stm32f1.a(usb.o)
 .debug_macro   0x00003a9b       0x35 ../libopencm3/lib/libopencm3_stm32f1.a(usb.o)
 .debug_macro   0x00003ad0      0x196 ../libopencm3/lib/libopencm3_stm32f1.a(usb.o)
 .debug_macro   0x00003c66       0x10 ../libopencm3/lib/libopencm3_stm32f1.a(usb.o)
 .debug_macro   0x00003c76       0x1c ../libopencm3/lib/libopencm3_stm32f1.a(usb.o)
 .debug_macro   0x00003c92      0x161 ../libopencm3/lib/libopencm3_stm32f1.a(usb_control.o)
 .debug_macro   0x00003df3       0x16 ../libopencm3/lib/libopencm3_stm32f1.a(usb_control.o)
 .debug_macro   0x00003e09      0x10e ../libopencm3/lib/libopencm3_stm32f1.a(usb_control.o)
 .debug_macro   0x00003f17       0x8d ../libopencm3/lib/libopencm3_stm32f1.a(usb_control.o)
 .debug_macro   0x00003fa4       0x16 ../libopencm3/lib/libopencm3_stm32f1.a(usb_control.o)
 .debug_macro   0x00003fba       0x29 ../libopencm3/lib/libopencm3_stm32f1.a(usb_control.o)
 .debug_macro   0x00003fe3      0x154 ../libopencm3/lib/libopencm3_stm32f1.a(usb_standard.o)
 .debug_macro   0x00004137      0x10e ../libopencm3/lib/libopencm3_stm32f1.a(st_usbfs_v1.o)
 .debug_macro   0x00004245       0x3a ../libopencm3/lib/libopencm3_stm32f1.a(st_usbfs_v1.o)
 .debug_macro   0x0000427f      0x29e ../libopencm3/lib/libopencm3_stm32f1.a(st_usbfs_v1.o)
 .debug_macro   0x0000451d       0x28 ../libopencm3/lib/libopencm3_stm32f1.a(st_usbfs_v1.o)
 .debug_macro   0x00004545      0x19c ../libopencm3/lib/libopencm3_stm32f1.a(st_usbfs_v1.o)
 .debug_macro   0x000046e1       0x10 ../libopencm3/lib/libopencm3_stm32f1.a(st_usbfs_v1.o)
 .debug_macro   0x000046f1       0xd0 ../libopencm3/lib/libopencm3_stm32f1.a(vector.o)
 .debug_macro   0x000047c1      0x3a1 ../libopencm3/lib/libopencm3_stm32f1.a(vector.o)
 .debug_macro   0x00004b62       0x6a ../libopencm3/lib/libopencm3_stm32f1.a(vector.o)
 .debug_macro   0x00004bcc      0x1a2 ../libopencm3/lib/libopencm3_stm32f1.a(vector.o)
 .debug_macro   0x00004d6e       0xb4 ../libopencm3/lib/libopencm3_stm32f1.a(nvic.o)
 .debug_macro   0x00004e22       0x64 ../libopencm3/lib/libopencm3_stm32f1.a(nvic.o)
 .debug_macro   0x00004e86      0x1b0 ../libopencm3/lib/libopencm3_stm32f1.a(nvic.o)
 .debug_macro   0x00005036      0x10e ../libopencm3/lib/libopencm3_stm32f1.a(st_usbfs_core.o)
